{
    "isDeclaration": false,
    "languageVersion": "EcmaScript5",
    "parseOptions": {
        "allowAutomaticSemicolonInsertion": true
    },
    "diagnostics": [
        {
            "start": 25,
            "length": 6,
            "diagnosticCode": "Parameter property declarations cannot be used in a constructor overload."
        },
        {
            "start": 67,
            "length": 7,
            "diagnosticCode": "Parameter property declarations cannot be used in a constructor overload."
        }
    ],
    "sourceUnit": {
        "kind": "SourceUnit",
        "fullWidth": 136,
        "isIncrementallyUnusable": true,
        "moduleElements": [
            {
                "kind": "ClassDeclaration",
                "fullWidth": 136,
                "modifiers": [],
                "classKeyword": {
                    "kind": "ClassKeyword",
                    "width": 5,
                    "fullWidth": 6,
                    "text": "class",
                    "value": "class",
                    "valueText": "class",
                    "hasTrailingTrivia": true,
                    "trailingTrivia": [
                        {
                            "kind": "WhitespaceTrivia",
                            "text": " "
                        }
                    ]
                },
                "identifier": {
                    "kind": "IdentifierName",
                    "width": 2,
                    "fullWidth": 3,
                    "text": "C1",
                    "value": "C1",
                    "valueText": "C1",
                    "hasTrailingTrivia": true,
                    "trailingTrivia": [
                        {
                            "kind": "WhitespaceTrivia",
                            "text": " "
                        }
                    ]
                },
                "openBraceToken": {
                    "kind": "OpenBraceToken",
                    "width": 1,
                    "fullWidth": 3,
                    "text": "{",
                    "value": "{",
                    "valueText": "{",
                    "hasTrailingTrivia": true,
                    "hasTrailingNewLine": true,
                    "trailingTrivia": [
                        {
                            "kind": "NewLineTrivia",
                            "text": "\r\n"
                        }
                    ]
                },
                "classElements": [
                    {
                        "kind": "ConstructorDeclaration",
                        "fullWidth": 42,
                        "modifiers": [],
                        "constructorKeyword": {
                            "kind": "ConstructorKeyword",
                            "width": 11,
                            "fullWidth": 12,
                            "text": "constructor",
                            "value": "constructor",
                            "valueText": "constructor",
                            "hasLeadingTrivia": true,
                            "leadingTrivia": [
                                {
                                    "kind": "WhitespaceTrivia",
                                    "text": " "
                                }
                            ]
                        },
                        "callSignature": {
                            "kind": "CallSignature",
                            "fullWidth": 18,
                            "parameterList": {
                                "kind": "ParameterList",
                                "fullWidth": 18,
                                "openParenToken": {
                                    "kind": "OpenParenToken",
                                    "width": 1,
                                    "text": "(",
                                    "value": "(",
                                    "valueText": "("
                                },
                                "parameters": [
                                    {
                                        "kind": "Parameter",
                                        "fullWidth": 16,
                                        "modifiers": [
                                            {
                                                "kind": "PublicKeyword",
                                                "width": 6,
                                                "fullWidth": 7,
                                                "text": "public",
                                                "value": "public",
                                                "valueText": "public",
                                                "hasTrailingTrivia": true,
                                                "trailingTrivia": [
                                                    {
                                                        "kind": "WhitespaceTrivia",
                                                        "text": " "
                                                    }
                                                ]
                                            }
                                        ],
                                        "identifier": {
                                            "kind": "IdentifierName",
                                            "width": 2,
                                            "text": "p1",
                                            "value": "p1",
                                            "valueText": "p1"
                                        },
                                        "typeAnnotation": {
                                            "kind": "TypeAnnotation",
                                            "fullWidth": 7,
                                            "colonToken": {
                                                "kind": "ColonToken",
                                                "width": 1,
                                                "text": ":",
                                                "value": ":",
                                                "valueText": ":"
                                            },
                                            "type": {
                                                "kind": "StringKeyword",
                                                "width": 6,
                                                "text": "string",
                                                "value": "string",
                                                "valueText": "string"
                                            }
                                        }
                                    }
                                ],
                                "closeParenToken": {
                                    "kind": "CloseParenToken",
                                    "width": 1,
                                    "text": ")",
                                    "value": ")",
                                    "valueText": ")"
                                }
                            }
                        },
                        "semicolonToken": {
                            "kind": "SemicolonToken",
                            "width": 1,
                            "fullWidth": 12,
                            "text": ";",
                            "value": ";",
                            "valueText": ";",
                            "hasTrailingTrivia": true,
                            "hasTrailingComment": true,
                            "hasTrailingNewLine": true,
                            "trailingTrivia": [
                                {
                                    "kind": "WhitespaceTrivia",
                                    "text": " "
                                },
                                {
                                    "kind": "SingleLineCommentTrivia",
                                    "text": "// ERROR"
                                },
                                {
                                    "kind": "NewLineTrivia",
                                    "text": "\r\n"
                                }
                            ]
                        }
                    },
                    {
                        "kind": "ConstructorDeclaration",
                        "fullWidth": 43,
                        "modifiers": [],
                        "constructorKeyword": {
                            "kind": "ConstructorKeyword",
                            "width": 11,
                            "fullWidth": 12,
                            "text": "constructor",
                            "value": "constructor",
                            "valueText": "constructor",
                            "hasLeadingTrivia": true,
                            "leadingTrivia": [
                                {
                                    "kind": "WhitespaceTrivia",
                                    "text": " "
                                }
                            ]
                        },
                        "callSignature": {
                            "kind": "CallSignature",
                            "fullWidth": 19,
                            "parameterList": {
                                "kind": "ParameterList",
                                "fullWidth": 19,
                                "openParenToken": {
                                    "kind": "OpenParenToken",
                                    "width": 1,
                                    "text": "(",
                                    "value": "(",
                                    "valueText": "("
                                },
                                "parameters": [
                                    {
                                        "kind": "Parameter",
                                        "fullWidth": 17,
                                        "modifiers": [
                                            {
                                                "kind": "PrivateKeyword",
                                                "width": 7,
                                                "fullWidth": 8,
                                                "text": "private",
                                                "value": "private",
                                                "valueText": "private",
                                                "hasTrailingTrivia": true,
                                                "trailingTrivia": [
                                                    {
                                                        "kind": "WhitespaceTrivia",
                                                        "text": " "
                                                    }
                                                ]
                                            }
                                        ],
                                        "identifier": {
                                            "kind": "IdentifierName",
                                            "width": 2,
                                            "text": "p2",
                                            "value": "p2",
                                            "valueText": "p2"
                                        },
                                        "typeAnnotation": {
                                            "kind": "TypeAnnotation",
                                            "fullWidth": 7,
                                            "colonToken": {
                                                "kind": "ColonToken",
                                                "width": 1,
                                                "text": ":",
                                                "value": ":",
                                                "valueText": ":"
                                            },
                                            "type": {
                                                "kind": "NumberKeyword",
                                                "width": 6,
                                                "text": "number",
                                                "value": "number",
                                                "valueText": "number"
                                            }
                                        }
                                    }
                                ],
                                "closeParenToken": {
                                    "kind": "CloseParenToken",
                                    "width": 1,
                                    "text": ")",
                                    "value": ")",
                                    "valueText": ")"
                                }
                            }
                        },
                        "semicolonToken": {
                            "kind": "SemicolonToken",
                            "width": 1,
                            "fullWidth": 12,
                            "text": ";",
                            "value": ";",
                            "valueText": ";",
                            "hasTrailingTrivia": true,
                            "hasTrailingComment": true,
                            "hasTrailingNewLine": true,
                            "trailingTrivia": [
                                {
                                    "kind": "WhitespaceTrivia",
                                    "text": " "
                                },
                                {
                                    "kind": "SingleLineCommentTrivia",
                                    "text": "// ERROR"
                                },
                                {
                                    "kind": "NewLineTrivia",
                                    "text": "\r\n"
                                }
                            ]
                        }
                    },
                    {
                        "kind": "ConstructorDeclaration",
                        "fullWidth": 38,
                        "modifiers": [],
                        "constructorKeyword": {
                            "kind": "ConstructorKeyword",
                            "width": 11,
                            "fullWidth": 12,
                            "text": "constructor",
                            "value": "constructor",
                            "valueText": "constructor",
                            "hasLeadingTrivia": true,
                            "leadingTrivia": [
                                {
                                    "kind": "WhitespaceTrivia",
                                    "text": " "
                                }
                            ]
                        },
                        "callSignature": {
                            "kind": "CallSignature",
                            "fullWidth": 16,
                            "parameterList": {
                                "kind": "ParameterList",
                                "fullWidth": 16,
                                "openParenToken": {
                                    "kind": "OpenParenToken",
                                    "width": 1,
                                    "text": "(",
                                    "value": "(",
                                    "valueText": "("
                                },
                                "parameters": [
                                    {
                                        "kind": "Parameter",
                                        "fullWidth": 13,
                                        "modifiers": [
                                            {
                                                "kind": "PublicKeyword",
                                                "width": 6,
                                                "fullWidth": 7,
                                                "text": "public",
                                                "value": "public",
                                                "valueText": "public",
                                                "hasTrailingTrivia": true,
                                                "trailingTrivia": [
                                                    {
                                                        "kind": "WhitespaceTrivia",
                                                        "text": " "
                                                    }
                                                ]
                                            }
                                        ],
                                        "identifier": {
                                            "kind": "IdentifierName",
                                            "width": 2,
                                            "text": "p3",
                                            "value": "p3",
                                            "valueText": "p3"
                                        },
                                        "typeAnnotation": {
                                            "kind": "TypeAnnotation",
                                            "fullWidth": 4,
                                            "colonToken": {
                                                "kind": "ColonToken",
                                                "width": 1,
                                                "text": ":",
                                                "value": ":",
                                                "valueText": ":"
                                            },
                                            "type": {
                                                "kind": "AnyKeyword",
                                                "width": 3,
                                                "text": "any",
                                                "value": "any",
                                                "valueText": "any"
                                            }
                                        }
                                    }
                                ],
                                "closeParenToken": {
                                    "kind": "CloseParenToken",
                                    "width": 1,
                                    "fullWidth": 2,
                                    "text": ")",
                                    "value": ")",
                                    "valueText": ")",
                                    "hasTrailingTrivia": true,
                                    "trailingTrivia": [
                                        {
                                            "kind": "WhitespaceTrivia",
                                            "text": " "
                                        }
                                    ]
                                }
                            }
                        },
                        "block": {
                            "kind": "Block",
                            "fullWidth": 10,
                            "openBraceToken": {
                                "kind": "OpenBraceToken",
                                "width": 1,
                                "text": "{",
                                "value": "{",
                                "valueText": "{"
                            },
                            "statements": [],
                            "closeBraceToken": {
                                "kind": "CloseBraceToken",
                                "width": 1,
                                "fullWidth": 9,
                                "text": "}",
                                "value": "}",
                                "valueText": "}",
                                "hasTrailingTrivia": true,
                                "hasTrailingComment": true,
                                "hasTrailingNewLine": true,
                                "trailingTrivia": [
                                    {
                                        "kind": "WhitespaceTrivia",
                                        "text": " "
                                    },
                                    {
                                        "kind": "SingleLineCommentTrivia",
                                        "text": "// OK"
                                    },
                                    {
                                        "kind": "NewLineTrivia",
                                        "text": "\r\n"
                                    }
                                ]
                            }
                        }
                    }
                ],
                "closeBraceToken": {
                    "kind": "CloseBraceToken",
                    "width": 1,
                    "text": "}",
                    "value": "}",
                    "valueText": "}"
                }
            }
        ],
        "endOfFileToken": {
            "kind": "EndOfFileToken",
            "width": 0,
            "text": ""
        }
    },
    "lineMap": {
        "lineStarts": [
            0,
            12,
            54,
            97,
            135
        ],
        "length": 136
    }
}