{
    "isDeclaration": false,
    "languageVersion": "EcmaScript5",
    "sourceUnit": {
        "kind": "SourceUnit",
        "fullStart": 0,
        "fullEnd": 829,
        "start": 561,
        "end": 829,
        "fullWidth": 829,
        "width": 268,
        "moduleElements": [
            {
                "kind": "FunctionDeclaration",
                "fullStart": 0,
                "fullEnd": 805,
                "start": 561,
                "end": 803,
                "fullWidth": 805,
                "width": 242,
                "modifiers": [],
                "functionKeyword": {
                    "kind": "FunctionKeyword",
                    "fullStart": 0,
                    "fullEnd": 570,
                    "start": 561,
                    "end": 569,
                    "fullWidth": 570,
                    "width": 8,
                    "text": "function",
                    "value": "function",
                    "valueText": "function",
                    "hasLeadingTrivia": true,
                    "hasLeadingComment": true,
                    "hasLeadingNewLine": true,
                    "hasTrailingTrivia": true,
                    "leadingTrivia": [
                        {
                            "kind": "SingleLineCommentTrivia",
                            "fullStart": 0,
                            "fullEnd": 65,
                            "text": "/// Copyright (c) 2012 Ecma International.  All rights reserved. "
                        },
                        {
                            "kind": "NewLineTrivia",
                            "fullStart": 65,
                            "fullEnd": 67,
                            "text": "\r\n"
                        },
                        {
                            "kind": "SingleLineCommentTrivia",
                            "fullStart": 67,
                            "fullEnd": 150,
                            "text": "/// Ecma International makes this code available under the terms and conditions set"
                        },
                        {
                            "kind": "NewLineTrivia",
                            "fullStart": 150,
                            "fullEnd": 152,
                            "text": "\r\n"
                        },
                        {
                            "kind": "SingleLineCommentTrivia",
                            "fullStart": 152,
                            "fullEnd": 230,
                            "text": "/// forth on http://hg.ecmascript.org/tests/test262/raw-file/tip/LICENSE (the "
                        },
                        {
                            "kind": "NewLineTrivia",
                            "fullStart": 230,
                            "fullEnd": 232,
                            "text": "\r\n"
                        },
                        {
                            "kind": "SingleLineCommentTrivia",
                            "fullStart": 232,
                            "fullEnd": 306,
                            "text": "/// \"Use Terms\").   Any redistribution of this code must retain the above "
                        },
                        {
                            "kind": "NewLineTrivia",
                            "fullStart": 306,
                            "fullEnd": 308,
                            "text": "\r\n"
                        },
                        {
                            "kind": "SingleLineCommentTrivia",
                            "fullStart": 308,
                            "fullEnd": 378,
                            "text": "/// copyright and this notice and otherwise comply with the Use Terms."
                        },
                        {
                            "kind": "NewLineTrivia",
                            "fullStart": 378,
                            "fullEnd": 380,
                            "text": "\r\n"
                        },
                        {
                            "kind": "MultiLineCommentTrivia",
                            "fullStart": 380,
                            "fullEnd": 555,
                            "text": "/**\r\n * @path ch15/15.4/15.4.4/15.4.4.22/15.4.4.22-10-5.js\r\n * @description Array.prototype.reduceRight reduces array in descending order of indices(initialvalue present)\r\n */"
                        },
                        {
                            "kind": "NewLineTrivia",
                            "fullStart": 555,
                            "fullEnd": 557,
                            "text": "\r\n"
                        },
                        {
                            "kind": "NewLineTrivia",
                            "fullStart": 557,
                            "fullEnd": 559,
                            "text": "\r\n"
                        },
                        {
                            "kind": "NewLineTrivia",
                            "fullStart": 559,
                            "fullEnd": 561,
                            "text": "\r\n"
                        }
                    ],
                    "trailingTrivia": [
                        {
                            "kind": "WhitespaceTrivia",
                            "fullStart": 569,
                            "fullEnd": 570,
                            "text": " "
                        }
                    ]
                },
                "identifier": {
                    "kind": "IdentifierName",
                    "fullStart": 570,
                    "fullEnd": 578,
                    "start": 570,
                    "end": 578,
                    "fullWidth": 8,
                    "width": 8,
                    "text": "testcase",
                    "value": "testcase",
                    "valueText": "testcase"
                },
                "callSignature": {
                    "kind": "CallSignature",
                    "fullStart": 578,
                    "fullEnd": 581,
                    "start": 578,
                    "end": 580,
                    "fullWidth": 3,
                    "width": 2,
                    "parameterList": {
                        "kind": "ParameterList",
                        "fullStart": 578,
                        "fullEnd": 581,
                        "start": 578,
                        "end": 580,
                        "fullWidth": 3,
                        "width": 2,
                        "openParenToken": {
                            "kind": "OpenParenToken",
                            "fullStart": 578,
                            "fullEnd": 579,
                            "start": 578,
                            "end": 579,
                            "fullWidth": 1,
                            "width": 1,
                            "text": "(",
                            "value": "(",
                            "valueText": "("
                        },
                        "parameters": [],
                        "closeParenToken": {
                            "kind": "CloseParenToken",
                            "fullStart": 579,
                            "fullEnd": 581,
                            "start": 579,
                            "end": 580,
                            "fullWidth": 2,
                            "width": 1,
                            "text": ")",
                            "value": ")",
                            "valueText": ")",
                            "hasTrailingTrivia": true,
                            "trailingTrivia": [
                                {
                                    "kind": "WhitespaceTrivia",
                                    "fullStart": 580,
                                    "fullEnd": 581,
                                    "text": " "
                                }
                            ]
                        }
                    }
                },
                "block": {
                    "kind": "Block",
                    "fullStart": 581,
                    "fullEnd": 805,
                    "start": 581,
                    "end": 803,
                    "fullWidth": 224,
                    "width": 222,
                    "openBraceToken": {
                        "kind": "OpenBraceToken",
                        "fullStart": 581,
                        "fullEnd": 584,
                        "start": 581,
                        "end": 582,
                        "fullWidth": 3,
                        "width": 1,
                        "text": "{",
                        "value": "{",
                        "valueText": "{",
                        "hasTrailingTrivia": true,
                        "hasTrailingNewLine": true,
                        "trailingTrivia": [
                            {
                                "kind": "NewLineTrivia",
                                "fullStart": 582,
                                "fullEnd": 584,
                                "text": "\r\n"
                            }
                        ]
                    },
                    "statements": [
                        {
                            "kind": "FunctionDeclaration",
                            "fullStart": 584,
                            "fullEnd": 677,
                            "start": 588,
                            "end": 675,
                            "fullWidth": 93,
                            "width": 87,
                            "modifiers": [],
                            "functionKeyword": {
                                "kind": "FunctionKeyword",
                                "fullStart": 584,
                                "fullEnd": 597,
                                "start": 588,
                                "end": 596,
                                "fullWidth": 13,
                                "width": 8,
                                "text": "function",
                                "value": "function",
                                "valueText": "function",
                                "hasLeadingTrivia": true,
                                "hasLeadingNewLine": true,
                                "hasTrailingTrivia": true,
                                "leadingTrivia": [
                                    {
                                        "kind": "NewLineTrivia",
                                        "fullStart": 584,
                                        "fullEnd": 586,
                                        "text": "\r\n"
                                    },
                                    {
                                        "kind": "WhitespaceTrivia",
                                        "fullStart": 586,
                                        "fullEnd": 588,
                                        "text": "  "
                                    }
                                ],
                                "trailingTrivia": [
                                    {
                                        "kind": "WhitespaceTrivia",
                                        "fullStart": 596,
                                        "fullEnd": 597,
                                        "text": " "
                                    }
                                ]
                            },
                            "identifier": {
                                "kind": "IdentifierName",
                                "fullStart": 597,
                                "fullEnd": 607,
                                "start": 597,
                                "end": 607,
                                "fullWidth": 10,
                                "width": 10,
                                "text": "callbackfn",
                                "value": "callbackfn",
                                "valueText": "callbackfn"
                            },
                            "callSignature": {
                                "kind": "CallSignature",
                                "fullStart": 607,
                                "fullEnd": 637,
                                "start": 607,
                                "end": 635,
                                "fullWidth": 30,
                                "width": 28,
                                "parameterList": {
                                    "kind": "ParameterList",
                                    "fullStart": 607,
                                    "fullEnd": 637,
                                    "start": 607,
                                    "end": 635,
                                    "fullWidth": 30,
                                    "width": 28,
                                    "openParenToken": {
                                        "kind": "OpenParenToken",
                                        "fullStart": 607,
                                        "fullEnd": 608,
                                        "start": 607,
                                        "end": 608,
                                        "fullWidth": 1,
                                        "width": 1,
                                        "text": "(",
                                        "value": "(",
                                        "valueText": "("
                                    },
                                    "parameters": [
                                        {
                                            "kind": "Parameter",
                                            "fullStart": 608,
                                            "fullEnd": 615,
                                            "start": 608,
                                            "end": 615,
                                            "fullWidth": 7,
                                            "width": 7,
                                            "modifiers": [],
                                            "identifier": {
                                                "kind": "IdentifierName",
                                                "fullStart": 608,
                                                "fullEnd": 615,
                                                "start": 608,
                                                "end": 615,
                                                "fullWidth": 7,
                                                "width": 7,
                                                "text": "prevVal",
                                                "value": "prevVal",
                                                "valueText": "prevVal"
                                            }
                                        },
                                        {
                                            "kind": "CommaToken",
                                            "fullStart": 615,
                                            "fullEnd": 617,
                                            "start": 615,
                                            "end": 616,
                                            "fullWidth": 2,
                                            "width": 1,
                                            "text": ",",
                                            "value": ",",
                                            "valueText": ",",
                                            "hasTrailingTrivia": true,
                                            "trailingTrivia": [
                                                {
                                                    "kind": "WhitespaceTrivia",
                                                    "fullStart": 616,
                                                    "fullEnd": 617,
                                                    "text": " "
                                                }
                                            ]
                                        },
                                        {
                                            "kind": "Parameter",
                                            "fullStart": 617,
                                            "fullEnd": 623,
                                            "start": 617,
                                            "end": 623,
                                            "fullWidth": 6,
                                            "width": 6,
                                            "modifiers": [],
                                            "identifier": {
                                                "kind": "IdentifierName",
                                                "fullStart": 617,
                                                "fullEnd": 623,
                                                "start": 617,
                                                "end": 623,
                                                "fullWidth": 6,
                                                "width": 6,
                                                "text": "curVal",
                                                "value": "curVal",
                                                "valueText": "curVal"
                                            }
                                        },
                                        {
                                            "kind": "CommaToken",
                                            "fullStart": 623,
                                            "fullEnd": 626,
                                            "start": 623,
                                            "end": 624,
                                            "fullWidth": 3,
                                            "width": 1,
                                            "text": ",",
                                            "value": ",",
                                            "valueText": ",",
                                            "hasTrailingTrivia": true,
                                            "trailingTrivia": [
                                                {
                                                    "kind": "WhitespaceTrivia",
                                                    "fullStart": 624,
                                                    "fullEnd": 626,
                                                    "text": "  "
                                                }
                                            ]
                                        },
                                        {
                                            "kind": "Parameter",
                                            "fullStart": 626,
                                            "fullEnd": 629,
                                            "start": 626,
                                            "end": 629,
                                            "fullWidth": 3,
                                            "width": 3,
                                            "modifiers": [],
                                            "identifier": {
                                                "kind": "IdentifierName",
                                                "fullStart": 626,
                                                "fullEnd": 629,
                                                "start": 626,
                                                "end": 629,
                                                "fullWidth": 3,
                                                "width": 3,
                                                "text": "idx",
                                                "value": "idx",
                                                "valueText": "idx"
                                            }
                                        },
                                        {
                                            "kind": "CommaToken",
                                            "fullStart": 629,
                                            "fullEnd": 631,
                                            "start": 629,
                                            "end": 630,
                                            "fullWidth": 2,
                                            "width": 1,
                                            "text": ",",
                                            "value": ",",
                                            "valueText": ",",
                                            "hasTrailingTrivia": true,
                                            "trailingTrivia": [
                                                {
                                                    "kind": "WhitespaceTrivia",
                                                    "fullStart": 630,
                                                    "fullEnd": 631,
                                                    "text": " "
                                                }
                                            ]
                                        },
                                        {
                                            "kind": "Parameter",
                                            "fullStart": 631,
                                            "fullEnd": 634,
                                            "start": 631,
                                            "end": 634,
                                            "fullWidth": 3,
                                            "width": 3,
                                            "modifiers": [],
                                            "identifier": {
                                                "kind": "IdentifierName",
                                                "fullStart": 631,
                                                "fullEnd": 634,
                                                "start": 631,
                                                "end": 634,
                                                "fullWidth": 3,
                                                "width": 3,
                                                "text": "obj",
                                                "value": "obj",
                                                "valueText": "obj"
                                            }
                                        }
                                    ],
                                    "closeParenToken": {
                                        "kind": "CloseParenToken",
                                        "fullStart": 634,
                                        "fullEnd": 637,
                                        "start": 634,
                                        "end": 635,
                                        "fullWidth": 3,
                                        "width": 1,
                                        "text": ")",
                                        "value": ")",
                                        "valueText": ")",
                                        "hasTrailingTrivia": true,
                                        "hasTrailingNewLine": true,
                                        "trailingTrivia": [
                                            {
                                                "kind": "NewLineTrivia",
                                                "fullStart": 635,
                                                "fullEnd": 637,
                                                "text": "\r\n"
                                            }
                                        ]
                                    }
                                }
                            },
                            "block": {
                                "kind": "Block",
                                "fullStart": 637,
                                "fullEnd": 677,
                                "start": 639,
                                "end": 675,
                                "fullWidth": 40,
                                "width": 36,
                                "openBraceToken": {
                                    "kind": "OpenBraceToken",
                                    "fullStart": 637,
                                    "fullEnd": 642,
                                    "start": 639,
                                    "end": 640,
                                    "fullWidth": 5,
                                    "width": 1,
                                    "text": "{",
                                    "value": "{",
                                    "valueText": "{",
                                    "hasLeadingTrivia": true,
                                    "hasTrailingTrivia": true,
                                    "hasTrailingNewLine": true,
                                    "leadingTrivia": [
                                        {
                                            "kind": "WhitespaceTrivia",
                                            "fullStart": 637,
                                            "fullEnd": 639,
                                            "text": "  "
                                        }
                                    ],
                                    "trailingTrivia": [
                                        {
                                            "kind": "NewLineTrivia",
                                            "fullStart": 640,
                                            "fullEnd": 642,
                                            "text": "\r\n"
                                        }
                                    ]
                                },
                                "statements": [
                                    {
                                        "kind": "ReturnStatement",
                                        "fullStart": 642,
                                        "fullEnd": 672,
                                        "start": 646,
                                        "end": 670,
                                        "fullWidth": 30,
                                        "width": 24,
                                        "returnKeyword": {
                                            "kind": "ReturnKeyword",
                                            "fullStart": 642,
                                            "fullEnd": 653,
                                            "start": 646,
                                            "end": 652,
                                            "fullWidth": 11,
                                            "width": 6,
                                            "text": "return",
                                            "value": "return",
                                            "valueText": "return",
                                            "hasLeadingTrivia": true,
                                            "hasTrailingTrivia": true,
                                            "leadingTrivia": [
                                                {
                                                    "kind": "WhitespaceTrivia",
                                                    "fullStart": 642,
                                                    "fullEnd": 646,
                                                    "text": "    "
                                                }
                                            ],
                                            "trailingTrivia": [
                                                {
                                                    "kind": "WhitespaceTrivia",
                                                    "fullStart": 652,
                                                    "fullEnd": 653,
                                                    "text": " "
                                                }
                                            ]
                                        },
                                        "expression": {
                                            "kind": "AddExpression",
                                            "fullStart": 653,
                                            "fullEnd": 669,
                                            "start": 653,
                                            "end": 669,
                                            "fullWidth": 16,
                                            "width": 16,
                                            "left": {
                                                "kind": "IdentifierName",
                                                "fullStart": 653,
                                                "fullEnd": 661,
                                                "start": 653,
                                                "end": 660,
                                                "fullWidth": 8,
                                                "width": 7,
                                                "text": "prevVal",
                                                "value": "prevVal",
                                                "valueText": "prevVal",
                                                "hasTrailingTrivia": true,
                                                "trailingTrivia": [
                                                    {
                                                        "kind": "WhitespaceTrivia",
                                                        "fullStart": 660,
                                                        "fullEnd": 661,
                                                        "text": " "
                                                    }
                                                ]
                                            },
                                            "operatorToken": {
                                                "kind": "PlusToken",
                                                "fullStart": 661,
                                                "fullEnd": 663,
                                                "start": 661,
                                                "end": 662,
                                                "fullWidth": 2,
                                                "width": 1,
                                                "text": "+",
                                                "value": "+",
                                                "valueText": "+",
                                                "hasTrailingTrivia": true,
                                                "trailingTrivia": [
                                                    {
                                                        "kind": "WhitespaceTrivia",
                                                        "fullStart": 662,
                                                        "fullEnd": 663,
                                                        "text": " "
                                                    }
                                                ]
                                            },
                                            "right": {
                                                "kind": "IdentifierName",
                                                "fullStart": 663,
                                                "fullEnd": 669,
                                                "start": 663,
                                                "end": 669,
                                                "fullWidth": 6,
                                                "width": 6,
                                                "text": "curVal",
                                                "value": "curVal",
                                                "valueText": "curVal"
                                            }
                                        },
                                        "semicolonToken": {
                                            "kind": "SemicolonToken",
                                            "fullStart": 669,
                                            "fullEnd": 672,
                                            "start": 669,
                                            "end": 670,
                                            "fullWidth": 3,
                                            "width": 1,
                                            "text": ";",
                                            "value": ";",
                                            "valueText": ";",
                                            "hasTrailingTrivia": true,
                                            "hasTrailingNewLine": true,
                                            "trailingTrivia": [
                                                {
                                                    "kind": "NewLineTrivia",
                                                    "fullStart": 670,
                                                    "fullEnd": 672,
                                                    "text": "\r\n"
                                                }
                                            ]
                                        }
                                    }
                                ],
                                "closeBraceToken": {
                                    "kind": "CloseBraceToken",
                                    "fullStart": 672,
                                    "fullEnd": 677,
                                    "start": 674,
                                    "end": 675,
                                    "fullWidth": 5,
                                    "width": 1,
                                    "text": "}",
                                    "value": "}",
                                    "valueText": "}",
                                    "hasLeadingTrivia": true,
                                    "hasTrailingTrivia": true,
                                    "hasTrailingNewLine": true,
                                    "leadingTrivia": [
                                        {
                                            "kind": "WhitespaceTrivia",
                                            "fullStart": 672,
                                            "fullEnd": 674,
                                            "text": "  "
                                        }
                                    ],
                                    "trailingTrivia": [
                                        {
                                            "kind": "NewLineTrivia",
                                            "fullStart": 675,
                                            "fullEnd": 677,
                                            "text": "\r\n"
                                        }
                                    ]
                                }
                            }
                        },
                        {
                            "kind": "VariableStatement",
                            "fullStart": 677,
                            "fullEnd": 716,
                            "start": 679,
                            "end": 714,
                            "fullWidth": 39,
                            "width": 35,
                            "modifiers": [],
                            "variableDeclaration": {
                                "kind": "VariableDeclaration",
                                "fullStart": 677,
                                "fullEnd": 713,
                                "start": 679,
                                "end": 713,
                                "fullWidth": 36,
                                "width": 34,
                                "varKeyword": {
                                    "kind": "VarKeyword",
                                    "fullStart": 677,
                                    "fullEnd": 683,
                                    "start": 679,
                                    "end": 682,
                                    "fullWidth": 6,
                                    "width": 3,
                                    "text": "var",
                                    "value": "var",
                                    "valueText": "var",
                                    "hasLeadingTrivia": true,
                                    "hasTrailingTrivia": true,
                                    "leadingTrivia": [
                                        {
                                            "kind": "WhitespaceTrivia",
                                            "fullStart": 677,
                                            "fullEnd": 679,
                                            "text": "  "
                                        }
                                    ],
                                    "trailingTrivia": [
                                        {
                                            "kind": "WhitespaceTrivia",
                                            "fullStart": 682,
                                            "fullEnd": 683,
                                            "text": " "
                                        }
                                    ]
                                },
                                "variableDeclarators": [
                                    {
                                        "kind": "VariableDeclarator",
                                        "fullStart": 683,
                                        "fullEnd": 713,
                                        "start": 683,
                                        "end": 713,
                                        "fullWidth": 30,
                                        "width": 30,
                                        "propertyName": {
                                            "kind": "IdentifierName",
                                            "fullStart": 683,
                                            "fullEnd": 690,
                                            "start": 683,
                                            "end": 689,
                                            "fullWidth": 7,
                                            "width": 6,
                                            "text": "srcArr",
                                            "value": "srcArr",
                                            "valueText": "srcArr",
                                            "hasTrailingTrivia": true,
                                            "trailingTrivia": [
                                                {
                                                    "kind": "WhitespaceTrivia",
                                                    "fullStart": 689,
                                                    "fullEnd": 690,
                                                    "text": " "
                                                }
                                            ]
                                        },
                                        "equalsValueClause": {
                                            "kind": "EqualsValueClause",
                                            "fullStart": 690,
                                            "fullEnd": 713,
                                            "start": 690,
                                            "end": 713,
                                            "fullWidth": 23,
                                            "width": 23,
                                            "equalsToken": {
                                                "kind": "EqualsToken",
                                                "fullStart": 690,
                                                "fullEnd": 692,
                                                "start": 690,
                                                "end": 691,
                                                "fullWidth": 2,
                                                "width": 1,
                                                "text": "=",
                                                "value": "=",
                                                "valueText": "=",
                                                "hasTrailingTrivia": true,
                                                "trailingTrivia": [
                                                    {
                                                        "kind": "WhitespaceTrivia",
                                                        "fullStart": 691,
                                                        "fullEnd": 692,
                                                        "text": " "
                                                    }
                                                ]
                                            },
                                            "value": {
                                                "kind": "ArrayLiteralExpression",
                                                "fullStart": 692,
                                                "fullEnd": 713,
                                                "start": 692,
                                                "end": 713,
                                                "fullWidth": 21,
                                                "width": 21,
                                                "openBracketToken": {
                                                    "kind": "OpenBracketToken",
                                                    "fullStart": 692,
                                                    "fullEnd": 693,
                                                    "start": 692,
                                                    "end": 693,
                                                    "fullWidth": 1,
                                                    "width": 1,
                                                    "text": "[",
                                                    "value": "[",
                                                    "valueText": "["
                                                },
                                                "expressions": [
                                                    {
                                                        "kind": "StringLiteral",
                                                        "fullStart": 693,
                                                        "fullEnd": 696,
                                                        "start": 693,
                                                        "end": 696,
                                                        "fullWidth": 3,
                                                        "width": 3,
                                                        "text": "'1'",
                                                        "value": "1",
                                                        "valueText": "1"
                                                    },
                                                    {
                                                        "kind": "CommaToken",
                                                        "fullStart": 696,
                                                        "fullEnd": 697,
                                                        "start": 696,
                                                        "end": 697,
                                                        "fullWidth": 1,
                                                        "width": 1,
                                                        "text": ",",
                                                        "value": ",",
                                                        "valueText": ","
                                                    },
                                                    {
                                                        "kind": "StringLiteral",
                                                        "fullStart": 697,
                                                        "fullEnd": 700,
                                                        "start": 697,
                                                        "end": 700,
                                                        "fullWidth": 3,
                                                        "width": 3,
                                                        "text": "'2'",
                                                        "value": "2",
                                                        "valueText": "2"
                                                    },
                                                    {
                                                        "kind": "CommaToken",
                                                        "fullStart": 700,
                                                        "fullEnd": 701,
                                                        "start": 700,
                                                        "end": 701,
                                                        "fullWidth": 1,
                                                        "width": 1,
                                                        "text": ",",
                                                        "value": ",",
                                                        "valueText": ","
                                                    },
                                                    {
                                                        "kind": "StringLiteral",
                                                        "fullStart": 701,
                                                        "fullEnd": 704,
                                                        "start": 701,
                                                        "end": 704,
                                                        "fullWidth": 3,
                                                        "width": 3,
                                                        "text": "'3'",
                                                        "value": "3",
                                                        "valueText": "3"
                                                    },
                                                    {
                                                        "kind": "CommaToken",
                                                        "fullStart": 704,
                                                        "fullEnd": 705,
                                                        "start": 704,
                                                        "end": 705,
                                                        "fullWidth": 1,
                                                        "width": 1,
                                                        "text": ",",
                                                        "value": ",",
                                                        "valueText": ","
                                                    },
                                                    {
                                                        "kind": "StringLiteral",
                                                        "fullStart": 705,
                                                        "fullEnd": 708,
                                                        "start": 705,
                                                        "end": 708,
                                                        "fullWidth": 3,
                                                        "width": 3,
                                                        "text": "'4'",
                                                        "value": "4",
                                                        "valueText": "4"
                                                    },
                                                    {
                                                        "kind": "CommaToken",
                                                        "fullStart": 708,
                                                        "fullEnd": 709,
                                                        "start": 708,
                                                        "end": 709,
                                                        "fullWidth": 1,
                                                        "width": 1,
                                                        "text": ",",
                                                        "value": ",",
                                                        "valueText": ","
                                                    },
                                                    {
                                                        "kind": "StringLiteral",
                                                        "fullStart": 709,
                                                        "fullEnd": 712,
                                                        "start": 709,
                                                        "end": 712,
                                                        "fullWidth": 3,
                                                        "width": 3,
                                                        "text": "'5'",
                                                        "value": "5",
                                                        "valueText": "5"
                                                    }
                                                ],
                                                "closeBracketToken": {
                                                    "kind": "CloseBracketToken",
                                                    "fullStart": 712,
                                                    "fullEnd": 713,
                                                    "start": 712,
                                                    "end": 713,
                                                    "fullWidth": 1,
                                                    "width": 1,
                                                    "text": "]",
                                                    "value": "]",
                                                    "valueText": "]"
                                                }
                                            }
                                        }
                                    }
                                ]
                            },
                            "semicolonToken": {
                                "kind": "SemicolonToken",
                                "fullStart": 713,
                                "fullEnd": 716,
                                "start": 713,
                                "end": 714,
                                "fullWidth": 3,
                                "width": 1,
                                "text": ";",
                                "value": ";",
                                "valueText": ";",
                                "hasTrailingTrivia": true,
                                "hasTrailingNewLine": true,
                                "trailingTrivia": [
                                    {
                                        "kind": "NewLineTrivia",
                                        "fullStart": 714,
                                        "fullEnd": 716,
                                        "text": "\r\n"
                                    }
                                ]
                            }
                        },
                        {
                            "kind": "IfStatement",
                            "fullStart": 716,
                            "fullEnd": 799,
                            "start": 718,
                            "end": 797,
                            "fullWidth": 83,
                            "width": 79,
                            "ifKeyword": {
                                "kind": "IfKeyword",
                                "fullStart": 716,
                                "fullEnd": 720,
                                "start": 718,
                                "end": 720,
                                "fullWidth": 4,
                                "width": 2,
                                "text": "if",
                                "value": "if",
                                "valueText": "if",
                                "hasLeadingTrivia": true,
                                "leadingTrivia": [
                                    {
                                        "kind": "WhitespaceTrivia",
                                        "fullStart": 716,
                                        "fullEnd": 718,
                                        "text": "  "
                                    }
                                ]
                            },
                            "openParenToken": {
                                "kind": "OpenParenToken",
                                "fullStart": 720,
                                "fullEnd": 721,
                                "start": 720,
                                "end": 721,
                                "fullWidth": 1,
                                "width": 1,
                                "text": "(",
                                "value": "(",
                                "valueText": "("
                            },
                            "condition": {
                                "kind": "EqualsExpression",
                                "fullStart": 721,
                                "fullEnd": 768,
                                "start": 721,
                                "end": 768,
                                "fullWidth": 47,
                                "width": 47,
                                "left": {
                                    "kind": "InvocationExpression",
                                    "fullStart": 721,
                                    "fullEnd": 756,
                                    "start": 721,
                                    "end": 755,
                                    "fullWidth": 35,
                                    "width": 34,
                                    "expression": {
                                        "kind": "MemberAccessExpression",
                                        "fullStart": 721,
                                        "fullEnd": 739,
                                        "start": 721,
                                        "end": 739,
                                        "fullWidth": 18,
                                        "width": 18,
                                        "expression": {
                                            "kind": "IdentifierName",
                                            "fullStart": 721,
                                            "fullEnd": 727,
                                            "start": 721,
                                            "end": 727,
                                            "fullWidth": 6,
                                            "width": 6,
                                            "text": "srcArr",
                                            "value": "srcArr",
                                            "valueText": "srcArr"
                                        },
                                        "dotToken": {
                                            "kind": "DotToken",
                                            "fullStart": 727,
                                            "fullEnd": 728,
                                            "start": 727,
                                            "end": 728,
                                            "fullWidth": 1,
                                            "width": 1,
                                            "text": ".",
                                            "value": ".",
                                            "valueText": "."
                                        },
                                        "name": {
                                            "kind": "IdentifierName",
                                            "fullStart": 728,
                                            "fullEnd": 739,
                                            "start": 728,
                                            "end": 739,
                                            "fullWidth": 11,
                                            "width": 11,
                                            "text": "reduceRight",
                                            "value": "reduceRight",
                                            "valueText": "reduceRight"
                                        }
                                    },
                                    "argumentList": {
                                        "kind": "ArgumentList",
                                        "fullStart": 739,
                                        "fullEnd": 756,
                                        "start": 739,
                                        "end": 755,
                                        "fullWidth": 17,
                                        "width": 16,
                                        "openParenToken": {
                                            "kind": "OpenParenToken",
                                            "fullStart": 739,
                                            "fullEnd": 740,
                                            "start": 739,
                                            "end": 740,
                                            "fullWidth": 1,
                                            "width": 1,
                                            "text": "(",
                                            "value": "(",
                                            "valueText": "("
                                        },
                                        "arguments": [
                                            {
                                                "kind": "IdentifierName",
                                                "fullStart": 740,
                                                "fullEnd": 750,
                                                "start": 740,
                                                "end": 750,
                                                "fullWidth": 10,
                                                "width": 10,
                                                "text": "callbackfn",
                                                "value": "callbackfn",
                                                "valueText": "callbackfn"
                                            },
                                            {
                                                "kind": "CommaToken",
                                                "fullStart": 750,
                                                "fullEnd": 751,
                                                "start": 750,
                                                "end": 751,
                                                "fullWidth": 1,
                                                "width": 1,
                                                "text": ",",
                                                "value": ",",
                                                "valueText": ","
                                            },
                                            {
                                                "kind": "StringLiteral",
                                                "fullStart": 751,
                                                "fullEnd": 754,
                                                "start": 751,
                                                "end": 754,
                                                "fullWidth": 3,
                                                "width": 3,
                                                "text": "'6'",
                                                "value": "6",
                                                "valueText": "6"
                                            }
                                        ],
                                        "closeParenToken": {
                                            "kind": "CloseParenToken",
                                            "fullStart": 754,
                                            "fullEnd": 756,
                                            "start": 754,
                                            "end": 755,
                                            "fullWidth": 2,
                                            "width": 1,
                                            "text": ")",
                                            "value": ")",
                                            "valueText": ")",
                                            "hasTrailingTrivia": true,
                                            "trailingTrivia": [
                                                {
                                                    "kind": "WhitespaceTrivia",
                                                    "fullStart": 755,
                                                    "fullEnd": 756,
                                                    "text": " "
                                                }
                                            ]
                                        }
                                    }
                                },
                                "operatorToken": {
                                    "kind": "EqualsEqualsEqualsToken",
                                    "fullStart": 756,
                                    "fullEnd": 760,
                                    "start": 756,
                                    "end": 759,
                                    "fullWidth": 4,
                                    "width": 3,
                                    "text": "===",
                                    "value": "===",
                                    "valueText": "===",
                                    "hasTrailingTrivia": true,
                                    "trailingTrivia": [
                                        {
                                            "kind": "WhitespaceTrivia",
                                            "fullStart": 759,
                                            "fullEnd": 760,
                                            "text": " "
                                        }
                                    ]
                                },
                                "right": {
                                    "kind": "StringLiteral",
                                    "fullStart": 760,
                                    "fullEnd": 768,
                                    "start": 760,
                                    "end": 768,
                                    "fullWidth": 8,
                                    "width": 8,
                                    "text": "'654321'",
                                    "value": "654321",
                                    "valueText": "654321"
                                }
                            },
                            "closeParenToken": {
                                "kind": "CloseParenToken",
                                "fullStart": 768,
                                "fullEnd": 771,
                                "start": 768,
                                "end": 769,
                                "fullWidth": 3,
                                "width": 1,
                                "text": ")",
                                "value": ")",
                                "valueText": ")",
                                "hasTrailingTrivia": true,
                                "hasTrailingNewLine": true,
                                "trailingTrivia": [
                                    {
                                        "kind": "NewLineTrivia",
                                        "fullStart": 769,
                                        "fullEnd": 771,
                                        "text": "\r\n"
                                    }
                                ]
                            },
                            "statement": {
                                "kind": "Block",
                                "fullStart": 771,
                                "fullEnd": 799,
                                "start": 773,
                                "end": 797,
                                "fullWidth": 28,
                                "width": 24,
                                "openBraceToken": {
                                    "kind": "OpenBraceToken",
                                    "fullStart": 771,
                                    "fullEnd": 776,
                                    "start": 773,
                                    "end": 774,
                                    "fullWidth": 5,
                                    "width": 1,
                                    "text": "{",
                                    "value": "{",
                                    "valueText": "{",
                                    "hasLeadingTrivia": true,
                                    "hasTrailingTrivia": true,
                                    "hasTrailingNewLine": true,
                                    "leadingTrivia": [
                                        {
                                            "kind": "WhitespaceTrivia",
                                            "fullStart": 771,
                                            "fullEnd": 773,
                                            "text": "  "
                                        }
                                    ],
                                    "trailingTrivia": [
                                        {
                                            "kind": "NewLineTrivia",
                                            "fullStart": 774,
                                            "fullEnd": 776,
                                            "text": "\r\n"
                                        }
                                    ]
                                },
                                "statements": [
                                    {
                                        "kind": "ReturnStatement",
                                        "fullStart": 776,
                                        "fullEnd": 794,
                                        "start": 780,
                                        "end": 792,
                                        "fullWidth": 18,
                                        "width": 12,
                                        "returnKeyword": {
                                            "kind": "ReturnKeyword",
                                            "fullStart": 776,
                                            "fullEnd": 787,
                                            "start": 780,
                                            "end": 786,
                                            "fullWidth": 11,
                                            "width": 6,
                                            "text": "return",
                                            "value": "return",
                                            "valueText": "return",
                                            "hasLeadingTrivia": true,
                                            "hasTrailingTrivia": true,
                                            "leadingTrivia": [
                                                {
                                                    "kind": "WhitespaceTrivia",
                                                    "fullStart": 776,
                                                    "fullEnd": 780,
                                                    "text": "    "
                                                }
                                            ],
                                            "trailingTrivia": [
                                                {
                                                    "kind": "WhitespaceTrivia",
                                                    "fullStart": 786,
                                                    "fullEnd": 787,
                                                    "text": " "
                                                }
                                            ]
                                        },
                                        "expression": {
                                            "kind": "TrueKeyword",
                                            "fullStart": 787,
                                            "fullEnd": 791,
                                            "start": 787,
                                            "end": 791,
                                            "fullWidth": 4,
                                            "width": 4,
                                            "text": "true",
                                            "value": true,
                                            "valueText": "true"
                                        },
                                        "semicolonToken": {
                                            "kind": "SemicolonToken",
                                            "fullStart": 791,
                                            "fullEnd": 794,
                                            "start": 791,
                                            "end": 792,
                                            "fullWidth": 3,
                                            "width": 1,
                                            "text": ";",
                                            "value": ";",
                                            "valueText": ";",
                                            "hasTrailingTrivia": true,
                                            "hasTrailingNewLine": true,
                                            "trailingTrivia": [
                                                {
                                                    "kind": "NewLineTrivia",
                                                    "fullStart": 792,
                                                    "fullEnd": 794,
                                                    "text": "\r\n"
                                                }
                                            ]
                                        }
                                    }
                                ],
                                "closeBraceToken": {
                                    "kind": "CloseBraceToken",
                                    "fullStart": 794,
                                    "fullEnd": 799,
                                    "start": 796,
                                    "end": 797,
                                    "fullWidth": 5,
                                    "width": 1,
                                    "text": "}",
                                    "value": "}",
                                    "valueText": "}",
                                    "hasLeadingTrivia": true,
                                    "hasTrailingTrivia": true,
                                    "hasTrailingNewLine": true,
                                    "leadingTrivia": [
                                        {
                                            "kind": "WhitespaceTrivia",
                                            "fullStart": 794,
                                            "fullEnd": 796,
                                            "text": "  "
                                        }
                                    ],
                                    "trailingTrivia": [
                                        {
                                            "kind": "NewLineTrivia",
                                            "fullStart": 797,
                                            "fullEnd": 799,
                                            "text": "\r\n"
                                        }
                                    ]
                                }
                            }
                        }
                    ],
                    "closeBraceToken": {
                        "kind": "CloseBraceToken",
                        "fullStart": 799,
                        "fullEnd": 805,
                        "start": 802,
                        "end": 803,
                        "fullWidth": 6,
                        "width": 1,
                        "text": "}",
                        "value": "}",
                        "valueText": "}",
                        "hasLeadingTrivia": true,
                        "hasLeadingNewLine": true,
                        "hasTrailingTrivia": true,
                        "hasTrailingNewLine": true,
                        "leadingTrivia": [
                            {
                                "kind": "NewLineTrivia",
                                "fullStart": 799,
                                "fullEnd": 801,
                                "text": "\r\n"
                            },
                            {
                                "kind": "WhitespaceTrivia",
                                "fullStart": 801,
                                "fullEnd": 802,
                                "text": " "
                            }
                        ],
                        "trailingTrivia": [
                            {
                                "kind": "NewLineTrivia",
                                "fullStart": 803,
                                "fullEnd": 805,
                                "text": "\r\n"
                            }
                        ]
                    }
                }
            },
            {
                "kind": "ExpressionStatement",
                "fullStart": 805,
                "fullEnd": 829,
                "start": 805,
                "end": 827,
                "fullWidth": 24,
                "width": 22,
                "expression": {
                    "kind": "InvocationExpression",
                    "fullStart": 805,
                    "fullEnd": 826,
                    "start": 805,
                    "end": 826,
                    "fullWidth": 21,
                    "width": 21,
                    "expression": {
                        "kind": "IdentifierName",
                        "fullStart": 805,
                        "fullEnd": 816,
                        "start": 805,
                        "end": 816,
                        "fullWidth": 11,
                        "width": 11,
                        "text": "runTestCase",
                        "value": "runTestCase",
                        "valueText": "runTestCase"
                    },
                    "argumentList": {
                        "kind": "ArgumentList",
                        "fullStart": 816,
                        "fullEnd": 826,
                        "start": 816,
                        "end": 826,
                        "fullWidth": 10,
                        "width": 10,
                        "openParenToken": {
                            "kind": "OpenParenToken",
                            "fullStart": 816,
                            "fullEnd": 817,
                            "start": 816,
                            "end": 817,
                            "fullWidth": 1,
                            "width": 1,
                            "text": "(",
                            "value": "(",
                            "valueText": "("
                        },
                        "arguments": [
                            {
                                "kind": "IdentifierName",
                                "fullStart": 817,
                                "fullEnd": 825,
                                "start": 817,
                                "end": 825,
                                "fullWidth": 8,
                                "width": 8,
                                "text": "testcase",
                                "value": "testcase",
                                "valueText": "testcase"
                            }
                        ],
                        "closeParenToken": {
                            "kind": "CloseParenToken",
                            "fullStart": 825,
                            "fullEnd": 826,
                            "start": 825,
                            "end": 826,
                            "fullWidth": 1,
                            "width": 1,
                            "text": ")",
                            "value": ")",
                            "valueText": ")"
                        }
                    }
                },
                "semicolonToken": {
                    "kind": "SemicolonToken",
                    "fullStart": 826,
                    "fullEnd": 829,
                    "start": 826,
                    "end": 827,
                    "fullWidth": 3,
                    "width": 1,
                    "text": ";",
                    "value": ";",
                    "valueText": ";",
                    "hasTrailingTrivia": true,
                    "hasTrailingNewLine": true,
                    "trailingTrivia": [
                        {
                            "kind": "NewLineTrivia",
                            "fullStart": 827,
                            "fullEnd": 829,
                            "text": "\r\n"
                        }
                    ]
                }
            }
        ],
        "endOfFileToken": {
            "kind": "EndOfFileToken",
            "fullStart": 829,
            "fullEnd": 829,
            "start": 829,
            "end": 829,
            "fullWidth": 0,
            "width": 0,
            "text": ""
        }
    },
    "lineMap": {
        "lineStarts": [
            0,
            67,
            152,
            232,
            308,
            380,
            385,
            440,
            552,
            557,
            559,
            561,
            584,
            586,
            637,
            642,
            672,
            677,
            716,
            771,
            776,
            794,
            799,
            801,
            805,
            829
        ],
        "length": 829
    }
}