foo(1, 2, 3)
    ^
{
  "text": "",
  "position": 87,
  "kind": "Parameter",
  "whitespaceAfter": true,
  "displayParts": [
    {
      "text": "",
      "span": {
        "start": 56,
        "length": 1
      },
      "file": "/tests/cases/fourslash/inlayHintsShouldWork5.ts"
    },
    {
      "text": ":"
    }
  ]
}

foo(1, 2, 3)
       ^
{
  "text": "",
  "position": 90,
  "kind": "Parameter",
  "whitespaceAfter": true,
  "displayParts": [
    {
      "text": "",
      "span": {
        "start": 13,
        "length": 1
      },
      "file": "/tests/cases/fourslash/inlayHintsShouldWork5.ts"
    },
    {
      "text": ":"
    }
  ]
}

foo(1, 2, 3)
          ^
{
  "text": "",
  "position": 93,
  "kind": "Parameter",
  "whitespaceAfter": true,
  "displayParts": [
    {
      "text": "",
      "span": {
        "start": 24,
        "length": 1
      },
      "file": "/tests/cases/fourslash/inlayHintsShouldWork5.ts"
    },
    {
      "text": ":"
    }
  ]
}