// === QuickInfo ===
=== /tests/cases/fourslash/quickinfoVerbosityIndexSignature.ts ===
// type Key = string | number;
// interface Apple {
//     banana: number;
// }
// interface Foo {
//     [a: Key]: Apple;
//      ^
// | ----------------------------------------------------------------------
// | (parameter) a: string | number
// | (verbosity level: 1)
// | ----------------------------------------------------------------------
//      ^
// | ----------------------------------------------------------------------
// | (parameter) a: Key
// | (verbosity level: 0)
// | ----------------------------------------------------------------------
// }
// const f: Foo = {};
//       ^
// | ----------------------------------------------------------------------
// | const f: {
// |     [a: string]: {
// |         banana: number;
// |     };
// |     [a: number]: {
// |         banana: number;
// |     };
// | }
// | (verbosity level: 2)
// | ----------------------------------------------------------------------
//       ^
// | ----------------------------------------------------------------------
// | const f: {
// |     [a: string]: Apple;
// |     [a: number]: Apple;
// | }
// | (verbosity level: 1)
// | ----------------------------------------------------------------------
//       ^
// | ----------------------------------------------------------------------
// | const f: Foo
// | (verbosity level: 0)
// | ----------------------------------------------------------------------

[
  {
    "marker": {
      "fileName": "/tests/cases/fourslash/quickinfoVerbosityIndexSignature.ts",
      "position": 90,
      "name": "a"
    },
    "item": {
      "kind": "parameter",
      "kindModifiers": "",
      "textSpan": {
        "start": 89,
        "length": 1
      },
      "displayParts": [
        {
          "text": "(",
          "kind": "punctuation"
        },
        {
          "text": "parameter",
          "kind": "text"
        },
        {
          "text": ")",
          "kind": "punctuation"
        },
        {
          "text": " ",
          "kind": "space"
        },
        {
          "text": "a",
          "kind": "parameterName"
        },
        {
          "text": ":",
          "kind": "punctuation"
        },
        {
          "text": " ",
          "kind": "space"
        },
        {
          "text": "Key",
          "kind": "aliasName"
        }
      ],
      "documentation": [],
      "canIncreaseVerbosityLevel": true,
      "verbosityLevel": 0
    }
  },
  {
    "marker": {
      "fileName": "/tests/cases/fourslash/quickinfoVerbosityIndexSignature.ts",
      "position": 90,
      "name": "a"
    },
    "item": {
      "kind": "parameter",
      "kindModifiers": "",
      "textSpan": {
        "start": 89,
        "length": 1
      },
      "displayParts": [
        {
          "text": "(",
          "kind": "punctuation"
        },
        {
          "text": "parameter",
          "kind": "text"
        },
        {
          "text": ")",
          "kind": "punctuation"
        },
        {
          "text": " ",
          "kind": "space"
        },
        {
          "text": "a",
          "kind": "parameterName"
        },
        {
          "text": ":",
          "kind": "punctuation"
        },
        {
          "text": " ",
          "kind": "space"
        },
        {
          "text": "string",
          "kind": "keyword"
        },
        {
          "text": " ",
          "kind": "space"
        },
        {
          "text": "|",
          "kind": "punctuation"
        },
        {
          "text": " ",
          "kind": "space"
        },
        {
          "text": "number",
          "kind": "keyword"
        }
      ],
      "documentation": [],
      "canIncreaseVerbosityLevel": false,
      "verbosityLevel": 1
    }
  },
  {
    "marker": {
      "fileName": "/tests/cases/fourslash/quickinfoVerbosityIndexSignature.ts",
      "position": 114,
      "name": "f"
    },
    "item": {
      "kind": "const",
      "kindModifiers": "",
      "textSpan": {
        "start": 113,
        "length": 1
      },
      "displayParts": [
        {
          "text": "const",
          "kind": "keyword"
        },
        {
          "text": " ",
          "kind": "space"
        },
        {
          "text": "f",
          "kind": "localName"
        },
        {
          "text": ":",
          "kind": "punctuation"
        },
        {
          "text": " ",
          "kind": "space"
        },
        {
          "text": "Foo",
          "kind": "interfaceName"
        }
      ],
      "documentation": [],
      "canIncreaseVerbosityLevel": true,
      "verbosityLevel": 0
    }
  },
  {
    "marker": {
      "fileName": "/tests/cases/fourslash/quickinfoVerbosityIndexSignature.ts",
      "position": 114,
      "name": "f"
    },
    "item": {
      "kind": "const",
      "kindModifiers": "",
      "textSpan": {
        "start": 113,
        "length": 1
      },
      "displayParts": [
        {
          "text": "const",
          "kind": "keyword"
        },
        {
          "text": " ",
          "kind": "space"
        },
        {
          "text": "f",
          "kind": "localName"
        },
        {
          "text": ":",
          "kind": "punctuation"
        },
        {
          "text": " ",
          "kind": "space"
        },
        {
          "text": "{",
          "kind": "punctuation"
        },
        {
          "text": "\n",
          "kind": "lineBreak"
        },
        {
          "text": "    ",
          "kind": "space"
        },
        {
          "text": "[",
          "kind": "punctuation"
        },
        {
          "text": "a",
          "kind": "parameterName"
        },
        {
          "text": ":",
          "kind": "punctuation"
        },
        {
          "text": " ",
          "kind": "space"
        },
        {
          "text": "string",
          "kind": "keyword"
        },
        {
          "text": "]",
          "kind": "punctuation"
        },
        {
          "text": ":",
          "kind": "punctuation"
        },
        {
          "text": " ",
          "kind": "space"
        },
        {
          "text": "Apple",
          "kind": "interfaceName"
        },
        {
          "text": ";",
          "kind": "punctuation"
        },
        {
          "text": "\n",
          "kind": "lineBreak"
        },
        {
          "text": "    ",
          "kind": "space"
        },
        {
          "text": "[",
          "kind": "punctuation"
        },
        {
          "text": "a",
          "kind": "parameterName"
        },
        {
          "text": ":",
          "kind": "punctuation"
        },
        {
          "text": " ",
          "kind": "space"
        },
        {
          "text": "number",
          "kind": "keyword"
        },
        {
          "text": "]",
          "kind": "punctuation"
        },
        {
          "text": ":",
          "kind": "punctuation"
        },
        {
          "text": " ",
          "kind": "space"
        },
        {
          "text": "Apple",
          "kind": "interfaceName"
        },
        {
          "text": ";",
          "kind": "punctuation"
        },
        {
          "text": "\n",
          "kind": "lineBreak"
        },
        {
          "text": "}",
          "kind": "punctuation"
        }
      ],
      "documentation": [],
      "canIncreaseVerbosityLevel": true,
      "verbosityLevel": 1
    }
  },
  {
    "marker": {
      "fileName": "/tests/cases/fourslash/quickinfoVerbosityIndexSignature.ts",
      "position": 114,
      "name": "f"
    },
    "item": {
      "kind": "const",
      "kindModifiers": "",
      "textSpan": {
        "start": 113,
        "length": 1
      },
      "displayParts": [
        {
          "text": "const",
          "kind": "keyword"
        },
        {
          "text": " ",
          "kind": "space"
        },
        {
          "text": "f",
          "kind": "localName"
        },
        {
          "text": ":",
          "kind": "punctuation"
        },
        {
          "text": " ",
          "kind": "space"
        },
        {
          "text": "{",
          "kind": "punctuation"
        },
        {
          "text": "\n",
          "kind": "lineBreak"
        },
        {
          "text": "    ",
          "kind": "space"
        },
        {
          "text": "[",
          "kind": "punctuation"
        },
        {
          "text": "a",
          "kind": "parameterName"
        },
        {
          "text": ":",
          "kind": "punctuation"
        },
        {
          "text": " ",
          "kind": "space"
        },
        {
          "text": "string",
          "kind": "keyword"
        },
        {
          "text": "]",
          "kind": "punctuation"
        },
        {
          "text": ":",
          "kind": "punctuation"
        },
        {
          "text": " ",
          "kind": "space"
        },
        {
          "text": "{",
          "kind": "punctuation"
        },
        {
          "text": "\n",
          "kind": "lineBreak"
        },
        {
          "text": "        ",
          "kind": "space"
        },
        {
          "text": "banana",
          "kind": "propertyName"
        },
        {
          "text": ":",
          "kind": "punctuation"
        },
        {
          "text": " ",
          "kind": "space"
        },
        {
          "text": "number",
          "kind": "keyword"
        },
        {
          "text": ";",
          "kind": "punctuation"
        },
        {
          "text": "\n",
          "kind": "lineBreak"
        },
        {
          "text": "    ",
          "kind": "space"
        },
        {
          "text": "}",
          "kind": "punctuation"
        },
        {
          "text": ";",
          "kind": "punctuation"
        },
        {
          "text": "\n",
          "kind": "lineBreak"
        },
        {
          "text": "    ",
          "kind": "space"
        },
        {
          "text": "[",
          "kind": "punctuation"
        },
        {
          "text": "a",
          "kind": "parameterName"
        },
        {
          "text": ":",
          "kind": "punctuation"
        },
        {
          "text": " ",
          "kind": "space"
        },
        {
          "text": "number",
          "kind": "keyword"
        },
        {
          "text": "]",
          "kind": "punctuation"
        },
        {
          "text": ":",
          "kind": "punctuation"
        },
        {
          "text": " ",
          "kind": "space"
        },
        {
          "text": "{",
          "kind": "punctuation"
        },
        {
          "text": "\n",
          "kind": "lineBreak"
        },
        {
          "text": "        ",
          "kind": "space"
        },
        {
          "text": "banana",
          "kind": "propertyName"
        },
        {
          "text": ":",
          "kind": "punctuation"
        },
        {
          "text": " ",
          "kind": "space"
        },
        {
          "text": "number",
          "kind": "keyword"
        },
        {
          "text": ";",
          "kind": "punctuation"
        },
        {
          "text": "\n",
          "kind": "lineBreak"
        },
        {
          "text": "    ",
          "kind": "space"
        },
        {
          "text": "}",
          "kind": "punctuation"
        },
        {
          "text": ";",
          "kind": "punctuation"
        },
        {
          "text": "\n",
          "kind": "lineBreak"
        },
        {
          "text": "}",
          "kind": "punctuation"
        }
      ],
      "documentation": [],
      "canIncreaseVerbosityLevel": false,
      "verbosityLevel": 2
    }
  }
]