{
    "isDeclaration": false,
    "languageVersion": "EcmaScript5",
    "sourceUnit": {
        "kind": "SourceUnit",
        "fullStart": 0,
        "fullEnd": 416,
        "start": 311,
        "end": 416,
        "fullWidth": 416,
        "width": 105,
        "moduleElements": [
            {
                "kind": "VariableStatement",
                "fullStart": 0,
                "fullEnd": 324,
                "start": 311,
                "end": 323,
                "fullWidth": 324,
                "width": 12,
                "modifiers": [],
                "variableDeclaration": {
                    "kind": "VariableDeclaration",
                    "fullStart": 0,
                    "fullEnd": 322,
                    "start": 311,
                    "end": 322,
                    "fullWidth": 322,
                    "width": 11,
                    "varKeyword": {
                        "kind": "VarKeyword",
                        "fullStart": 0,
                        "fullEnd": 315,
                        "start": 311,
                        "end": 314,
                        "fullWidth": 315,
                        "width": 3,
                        "text": "var",
                        "value": "var",
                        "valueText": "var",
                        "hasLeadingTrivia": true,
                        "hasLeadingComment": true,
                        "hasLeadingNewLine": true,
                        "hasTrailingTrivia": true,
                        "leadingTrivia": [
                            {
                                "kind": "SingleLineCommentTrivia",
                                "fullStart": 0,
                                "fullEnd": 60,
                                "text": "// Copyright 2009 the Sputnik authors.  All rights reserved."
                            },
                            {
                                "kind": "NewLineTrivia",
                                "fullStart": 60,
                                "fullEnd": 61,
                                "text": "\n"
                            },
                            {
                                "kind": "SingleLineCommentTrivia",
                                "fullStart": 61,
                                "fullEnd": 131,
                                "text": "// This code is governed by the BSD license found in the LICENSE file."
                            },
                            {
                                "kind": "NewLineTrivia",
                                "fullStart": 131,
                                "fullEnd": 132,
                                "text": "\n"
                            },
                            {
                                "kind": "NewLineTrivia",
                                "fullStart": 132,
                                "fullEnd": 133,
                                "text": "\n"
                            },
                            {
                                "kind": "MultiLineCommentTrivia",
                                "fullStart": 133,
                                "fullEnd": 298,
                                "text": "/**\n * If x is NaN, Math.round(x) is NaN\n *\n * @path ch15/15.8/15.8.2/15.8.2.15/S15.8.2.15_A1.js\n * @description Checking if Math.round(x) is NaN, where x is NaN\n */"
                            },
                            {
                                "kind": "NewLineTrivia",
                                "fullStart": 298,
                                "fullEnd": 299,
                                "text": "\n"
                            },
                            {
                                "kind": "NewLineTrivia",
                                "fullStart": 299,
                                "fullEnd": 300,
                                "text": "\n"
                            },
                            {
                                "kind": "SingleLineCommentTrivia",
                                "fullStart": 300,
                                "fullEnd": 310,
                                "text": "// CHECK#1"
                            },
                            {
                                "kind": "NewLineTrivia",
                                "fullStart": 310,
                                "fullEnd": 311,
                                "text": "\n"
                            }
                        ],
                        "trailingTrivia": [
                            {
                                "kind": "WhitespaceTrivia",
                                "fullStart": 314,
                                "fullEnd": 315,
                                "text": " "
                            }
                        ]
                    },
                    "variableDeclarators": [
                        {
                            "kind": "VariableDeclarator",
                            "fullStart": 315,
                            "fullEnd": 322,
                            "start": 315,
                            "end": 322,
                            "fullWidth": 7,
                            "width": 7,
                            "propertyName": {
                                "kind": "IdentifierName",
                                "fullStart": 315,
                                "fullEnd": 317,
                                "start": 315,
                                "end": 316,
                                "fullWidth": 2,
                                "width": 1,
                                "text": "x",
                                "value": "x",
                                "valueText": "x",
                                "hasTrailingTrivia": true,
                                "trailingTrivia": [
                                    {
                                        "kind": "WhitespaceTrivia",
                                        "fullStart": 316,
                                        "fullEnd": 317,
                                        "text": " "
                                    }
                                ]
                            },
                            "equalsValueClause": {
                                "kind": "EqualsValueClause",
                                "fullStart": 317,
                                "fullEnd": 322,
                                "start": 317,
                                "end": 322,
                                "fullWidth": 5,
                                "width": 5,
                                "equalsToken": {
                                    "kind": "EqualsToken",
                                    "fullStart": 317,
                                    "fullEnd": 319,
                                    "start": 317,
                                    "end": 318,
                                    "fullWidth": 2,
                                    "width": 1,
                                    "text": "=",
                                    "value": "=",
                                    "valueText": "=",
                                    "hasTrailingTrivia": true,
                                    "trailingTrivia": [
                                        {
                                            "kind": "WhitespaceTrivia",
                                            "fullStart": 318,
                                            "fullEnd": 319,
                                            "text": " "
                                        }
                                    ]
                                },
                                "value": {
                                    "kind": "IdentifierName",
                                    "fullStart": 319,
                                    "fullEnd": 322,
                                    "start": 319,
                                    "end": 322,
                                    "fullWidth": 3,
                                    "width": 3,
                                    "text": "NaN",
                                    "value": "NaN",
                                    "valueText": "NaN"
                                }
                            }
                        }
                    ]
                },
                "semicolonToken": {
                    "kind": "SemicolonToken",
                    "fullStart": 322,
                    "fullEnd": 324,
                    "start": 322,
                    "end": 323,
                    "fullWidth": 2,
                    "width": 1,
                    "text": ";",
                    "value": ";",
                    "valueText": ";",
                    "hasTrailingTrivia": true,
                    "hasTrailingNewLine": true,
                    "trailingTrivia": [
                        {
                            "kind": "NewLineTrivia",
                            "fullStart": 323,
                            "fullEnd": 324,
                            "text": "\n"
                        }
                    ]
                }
            },
            {
                "kind": "IfStatement",
                "fullStart": 324,
                "fullEnd": 415,
                "start": 324,
                "end": 414,
                "fullWidth": 91,
                "width": 90,
                "ifKeyword": {
                    "kind": "IfKeyword",
                    "fullStart": 324,
                    "fullEnd": 327,
                    "start": 324,
                    "end": 326,
                    "fullWidth": 3,
                    "width": 2,
                    "text": "if",
                    "value": "if",
                    "valueText": "if",
                    "hasTrailingTrivia": true,
                    "trailingTrivia": [
                        {
                            "kind": "WhitespaceTrivia",
                            "fullStart": 326,
                            "fullEnd": 327,
                            "text": " "
                        }
                    ]
                },
                "openParenToken": {
                    "kind": "OpenParenToken",
                    "fullStart": 327,
                    "fullEnd": 328,
                    "start": 327,
                    "end": 328,
                    "fullWidth": 1,
                    "width": 1,
                    "text": "(",
                    "value": "(",
                    "valueText": "("
                },
                "condition": {
                    "kind": "LogicalNotExpression",
                    "fullStart": 328,
                    "fullEnd": 349,
                    "start": 328,
                    "end": 349,
                    "fullWidth": 21,
                    "width": 21,
                    "operatorToken": {
                        "kind": "ExclamationToken",
                        "fullStart": 328,
                        "fullEnd": 329,
                        "start": 328,
                        "end": 329,
                        "fullWidth": 1,
                        "width": 1,
                        "text": "!",
                        "value": "!",
                        "valueText": "!"
                    },
                    "operand": {
                        "kind": "InvocationExpression",
                        "fullStart": 329,
                        "fullEnd": 349,
                        "start": 329,
                        "end": 349,
                        "fullWidth": 20,
                        "width": 20,
                        "expression": {
                            "kind": "IdentifierName",
                            "fullStart": 329,
                            "fullEnd": 334,
                            "start": 329,
                            "end": 334,
                            "fullWidth": 5,
                            "width": 5,
                            "text": "isNaN",
                            "value": "isNaN",
                            "valueText": "isNaN"
                        },
                        "argumentList": {
                            "kind": "ArgumentList",
                            "fullStart": 334,
                            "fullEnd": 349,
                            "start": 334,
                            "end": 349,
                            "fullWidth": 15,
                            "width": 15,
                            "openParenToken": {
                                "kind": "OpenParenToken",
                                "fullStart": 334,
                                "fullEnd": 335,
                                "start": 334,
                                "end": 335,
                                "fullWidth": 1,
                                "width": 1,
                                "text": "(",
                                "value": "(",
                                "valueText": "("
                            },
                            "arguments": [
                                {
                                    "kind": "InvocationExpression",
                                    "fullStart": 335,
                                    "fullEnd": 348,
                                    "start": 335,
                                    "end": 348,
                                    "fullWidth": 13,
                                    "width": 13,
                                    "expression": {
                                        "kind": "MemberAccessExpression",
                                        "fullStart": 335,
                                        "fullEnd": 345,
                                        "start": 335,
                                        "end": 345,
                                        "fullWidth": 10,
                                        "width": 10,
                                        "expression": {
                                            "kind": "IdentifierName",
                                            "fullStart": 335,
                                            "fullEnd": 339,
                                            "start": 335,
                                            "end": 339,
                                            "fullWidth": 4,
                                            "width": 4,
                                            "text": "Math",
                                            "value": "Math",
                                            "valueText": "Math"
                                        },
                                        "dotToken": {
                                            "kind": "DotToken",
                                            "fullStart": 339,
                                            "fullEnd": 340,
                                            "start": 339,
                                            "end": 340,
                                            "fullWidth": 1,
                                            "width": 1,
                                            "text": ".",
                                            "value": ".",
                                            "valueText": "."
                                        },
                                        "name": {
                                            "kind": "IdentifierName",
                                            "fullStart": 340,
                                            "fullEnd": 345,
                                            "start": 340,
                                            "end": 345,
                                            "fullWidth": 5,
                                            "width": 5,
                                            "text": "round",
                                            "value": "round",
                                            "valueText": "round"
                                        }
                                    },
                                    "argumentList": {
                                        "kind": "ArgumentList",
                                        "fullStart": 345,
                                        "fullEnd": 348,
                                        "start": 345,
                                        "end": 348,
                                        "fullWidth": 3,
                                        "width": 3,
                                        "openParenToken": {
                                            "kind": "OpenParenToken",
                                            "fullStart": 345,
                                            "fullEnd": 346,
                                            "start": 345,
                                            "end": 346,
                                            "fullWidth": 1,
                                            "width": 1,
                                            "text": "(",
                                            "value": "(",
                                            "valueText": "("
                                        },
                                        "arguments": [
                                            {
                                                "kind": "IdentifierName",
                                                "fullStart": 346,
                                                "fullEnd": 347,
                                                "start": 346,
                                                "end": 347,
                                                "fullWidth": 1,
                                                "width": 1,
                                                "text": "x",
                                                "value": "x",
                                                "valueText": "x"
                                            }
                                        ],
                                        "closeParenToken": {
                                            "kind": "CloseParenToken",
                                            "fullStart": 347,
                                            "fullEnd": 348,
                                            "start": 347,
                                            "end": 348,
                                            "fullWidth": 1,
                                            "width": 1,
                                            "text": ")",
                                            "value": ")",
                                            "valueText": ")"
                                        }
                                    }
                                }
                            ],
                            "closeParenToken": {
                                "kind": "CloseParenToken",
                                "fullStart": 348,
                                "fullEnd": 349,
                                "start": 348,
                                "end": 349,
                                "fullWidth": 1,
                                "width": 1,
                                "text": ")",
                                "value": ")",
                                "valueText": ")"
                            }
                        }
                    }
                },
                "closeParenToken": {
                    "kind": "CloseParenToken",
                    "fullStart": 349,
                    "fullEnd": 351,
                    "start": 349,
                    "end": 350,
                    "fullWidth": 2,
                    "width": 1,
                    "text": ")",
                    "value": ")",
                    "valueText": ")",
                    "hasTrailingTrivia": true,
                    "hasTrailingNewLine": true,
                    "trailingTrivia": [
                        {
                            "kind": "NewLineTrivia",
                            "fullStart": 350,
                            "fullEnd": 351,
                            "text": "\n"
                        }
                    ]
                },
                "statement": {
                    "kind": "Block",
                    "fullStart": 351,
                    "fullEnd": 415,
                    "start": 351,
                    "end": 414,
                    "fullWidth": 64,
                    "width": 63,
                    "openBraceToken": {
                        "kind": "OpenBraceToken",
                        "fullStart": 351,
                        "fullEnd": 353,
                        "start": 351,
                        "end": 352,
                        "fullWidth": 2,
                        "width": 1,
                        "text": "{",
                        "value": "{",
                        "valueText": "{",
                        "hasTrailingTrivia": true,
                        "hasTrailingNewLine": true,
                        "trailingTrivia": [
                            {
                                "kind": "NewLineTrivia",
                                "fullStart": 352,
                                "fullEnd": 353,
                                "text": "\n"
                            }
                        ]
                    },
                    "statements": [
                        {
                            "kind": "ExpressionStatement",
                            "fullStart": 353,
                            "fullEnd": 413,
                            "start": 354,
                            "end": 412,
                            "fullWidth": 60,
                            "width": 58,
                            "expression": {
                                "kind": "InvocationExpression",
                                "fullStart": 353,
                                "fullEnd": 411,
                                "start": 354,
                                "end": 411,
                                "fullWidth": 58,
                                "width": 57,
                                "expression": {
                                    "kind": "IdentifierName",
                                    "fullStart": 353,
                                    "fullEnd": 360,
                                    "start": 354,
                                    "end": 360,
                                    "fullWidth": 7,
                                    "width": 6,
                                    "text": "$ERROR",
                                    "value": "$ERROR",
                                    "valueText": "$ERROR",
                                    "hasLeadingTrivia": true,
                                    "leadingTrivia": [
                                        {
                                            "kind": "WhitespaceTrivia",
                                            "fullStart": 353,
                                            "fullEnd": 354,
                                            "text": "\t"
                                        }
                                    ]
                                },
                                "argumentList": {
                                    "kind": "ArgumentList",
                                    "fullStart": 360,
                                    "fullEnd": 411,
                                    "start": 360,
                                    "end": 411,
                                    "fullWidth": 51,
                                    "width": 51,
                                    "openParenToken": {
                                        "kind": "OpenParenToken",
                                        "fullStart": 360,
                                        "fullEnd": 361,
                                        "start": 360,
                                        "end": 361,
                                        "fullWidth": 1,
                                        "width": 1,
                                        "text": "(",
                                        "value": "(",
                                        "valueText": "("
                                    },
                                    "arguments": [
                                        {
                                            "kind": "StringLiteral",
                                            "fullStart": 361,
                                            "fullEnd": 410,
                                            "start": 361,
                                            "end": 410,
                                            "fullWidth": 49,
                                            "width": 49,
                                            "text": "\"#1: 'var x=NaN; isNaN(Math.round(x)) === false'\"",
                                            "value": "#1: 'var x=NaN; isNaN(Math.round(x)) === false'",
                                            "valueText": "#1: 'var x=NaN; isNaN(Math.round(x)) === false'"
                                        }
                                    ],
                                    "closeParenToken": {
                                        "kind": "CloseParenToken",
                                        "fullStart": 410,
                                        "fullEnd": 411,
                                        "start": 410,
                                        "end": 411,
                                        "fullWidth": 1,
                                        "width": 1,
                                        "text": ")",
                                        "value": ")",
                                        "valueText": ")"
                                    }
                                }
                            },
                            "semicolonToken": {
                                "kind": "SemicolonToken",
                                "fullStart": 411,
                                "fullEnd": 413,
                                "start": 411,
                                "end": 412,
                                "fullWidth": 2,
                                "width": 1,
                                "text": ";",
                                "value": ";",
                                "valueText": ";",
                                "hasTrailingTrivia": true,
                                "hasTrailingNewLine": true,
                                "trailingTrivia": [
                                    {
                                        "kind": "NewLineTrivia",
                                        "fullStart": 412,
                                        "fullEnd": 413,
                                        "text": "\n"
                                    }
                                ]
                            }
                        }
                    ],
                    "closeBraceToken": {
                        "kind": "CloseBraceToken",
                        "fullStart": 413,
                        "fullEnd": 415,
                        "start": 413,
                        "end": 414,
                        "fullWidth": 2,
                        "width": 1,
                        "text": "}",
                        "value": "}",
                        "valueText": "}",
                        "hasTrailingTrivia": true,
                        "hasTrailingNewLine": true,
                        "trailingTrivia": [
                            {
                                "kind": "NewLineTrivia",
                                "fullStart": 414,
                                "fullEnd": 415,
                                "text": "\n"
                            }
                        ]
                    }
                }
            }
        ],
        "endOfFileToken": {
            "kind": "EndOfFileToken",
            "fullStart": 415,
            "fullEnd": 416,
            "start": 416,
            "end": 416,
            "fullWidth": 1,
            "width": 0,
            "text": "",
            "hasLeadingTrivia": true,
            "hasLeadingNewLine": true,
            "leadingTrivia": [
                {
                    "kind": "NewLineTrivia",
                    "fullStart": 415,
                    "fullEnd": 416,
                    "text": "\n"
                }
            ]
        }
    },
    "lineMap": {
        "lineStarts": [
            0,
            61,
            132,
            133,
            137,
            174,
            177,
            230,
            295,
            299,
            300,
            311,
            324,
            351,
            353,
            413,
            415,
            416
        ],
        "length": 416
    }
}