{
    "isDeclaration": false,
    "languageVersion": "EcmaScript5",
    "diagnostics": [
        {
            "start": 6,
            "length": 7,
            "diagnosticCode": "Modifiers cannot appear here."
        }
    ],
    "sourceUnit": {
        "kind": "SourceUnit",
        "fullStart": 0,
        "fullEnd": 32,
        "start": 0,
        "end": 32,
        "fullWidth": 32,
        "width": 32,
        "moduleElements": [
            {
                "kind": "Block",
                "fullStart": 0,
                "fullEnd": 32,
                "start": 0,
                "end": 30,
                "fullWidth": 32,
                "width": 30,
                "openBraceToken": {
                    "kind": "OpenBraceToken",
                    "fullStart": 0,
                    "fullEnd": 3,
                    "start": 0,
                    "end": 1,
                    "fullWidth": 3,
                    "width": 1,
                    "text": "{",
                    "value": "{",
                    "valueText": "{",
                    "hasTrailingTrivia": true,
                    "hasTrailingNewLine": true,
                    "trailingTrivia": [
                        {
                            "kind": "NewLineTrivia",
                            "fullStart": 1,
                            "fullEnd": 3,
                            "text": "\r\n"
                        }
                    ]
                },
                "statements": [
                    {
                        "kind": "VariableStatement",
                        "fullStart": 3,
                        "fullEnd": 29,
                        "start": 6,
                        "end": 27,
                        "fullWidth": 26,
                        "width": 21,
                        "modifiers": [
                            {
                                "kind": "DeclareKeyword",
                                "fullStart": 3,
                                "fullEnd": 14,
                                "start": 6,
                                "end": 13,
                                "fullWidth": 11,
                                "width": 7,
                                "text": "declare",
                                "value": "declare",
                                "valueText": "declare",
                                "hasLeadingTrivia": true,
                                "hasTrailingTrivia": true,
                                "leadingTrivia": [
                                    {
                                        "kind": "WhitespaceTrivia",
                                        "fullStart": 3,
                                        "fullEnd": 6,
                                        "text": "   "
                                    }
                                ],
                                "trailingTrivia": [
                                    {
                                        "kind": "WhitespaceTrivia",
                                        "fullStart": 13,
                                        "fullEnd": 14,
                                        "text": " "
                                    }
                                ]
                            }
                        ],
                        "variableDeclaration": {
                            "kind": "VariableDeclaration",
                            "fullStart": 14,
                            "fullEnd": 26,
                            "start": 14,
                            "end": 26,
                            "fullWidth": 12,
                            "width": 12,
                            "varKeyword": {
                                "kind": "VarKeyword",
                                "fullStart": 14,
                                "fullEnd": 18,
                                "start": 14,
                                "end": 17,
                                "fullWidth": 4,
                                "width": 3,
                                "text": "var",
                                "value": "var",
                                "valueText": "var",
                                "hasTrailingTrivia": true,
                                "trailingTrivia": [
                                    {
                                        "kind": "WhitespaceTrivia",
                                        "fullStart": 17,
                                        "fullEnd": 18,
                                        "text": " "
                                    }
                                ]
                            },
                            "variableDeclarators": [
                                {
                                    "kind": "VariableDeclarator",
                                    "fullStart": 18,
                                    "fullEnd": 26,
                                    "start": 18,
                                    "end": 26,
                                    "fullWidth": 8,
                                    "width": 8,
                                    "propertyName": {
                                        "kind": "IdentifierName",
                                        "fullStart": 18,
                                        "fullEnd": 20,
                                        "start": 18,
                                        "end": 19,
                                        "fullWidth": 2,
                                        "width": 1,
                                        "text": "x",
                                        "value": "x",
                                        "valueText": "x",
                                        "hasTrailingTrivia": true,
                                        "trailingTrivia": [
                                            {
                                                "kind": "WhitespaceTrivia",
                                                "fullStart": 19,
                                                "fullEnd": 20,
                                                "text": " "
                                            }
                                        ]
                                    },
                                    "equalsValueClause": {
                                        "kind": "EqualsValueClause",
                                        "fullStart": 20,
                                        "fullEnd": 26,
                                        "start": 20,
                                        "end": 26,
                                        "fullWidth": 6,
                                        "width": 6,
                                        "equalsToken": {
                                            "kind": "EqualsToken",
                                            "fullStart": 20,
                                            "fullEnd": 22,
                                            "start": 20,
                                            "end": 21,
                                            "fullWidth": 2,
                                            "width": 1,
                                            "text": "=",
                                            "value": "=",
                                            "valueText": "=",
                                            "hasTrailingTrivia": true,
                                            "trailingTrivia": [
                                                {
                                                    "kind": "WhitespaceTrivia",
                                                    "fullStart": 21,
                                                    "fullEnd": 22,
                                                    "text": " "
                                                }
                                            ]
                                        },
                                        "value": {
                                            "kind": "ThisKeyword",
                                            "fullStart": 22,
                                            "fullEnd": 26,
                                            "start": 22,
                                            "end": 26,
                                            "fullWidth": 4,
                                            "width": 4,
                                            "text": "this",
                                            "value": "this",
                                            "valueText": "this"
                                        }
                                    }
                                }
                            ]
                        },
                        "semicolonToken": {
                            "kind": "SemicolonToken",
                            "fullStart": 26,
                            "fullEnd": 29,
                            "start": 26,
                            "end": 27,
                            "fullWidth": 3,
                            "width": 1,
                            "text": ";",
                            "value": ";",
                            "valueText": ";",
                            "hasTrailingTrivia": true,
                            "hasTrailingNewLine": true,
                            "trailingTrivia": [
                                {
                                    "kind": "NewLineTrivia",
                                    "fullStart": 27,
                                    "fullEnd": 29,
                                    "text": "\r\n"
                                }
                            ]
                        }
                    }
                ],
                "closeBraceToken": {
                    "kind": "CloseBraceToken",
                    "fullStart": 29,
                    "fullEnd": 32,
                    "start": 29,
                    "end": 30,
                    "fullWidth": 3,
                    "width": 1,
                    "text": "}",
                    "value": "}",
                    "valueText": "}",
                    "hasTrailingTrivia": true,
                    "hasTrailingNewLine": true,
                    "trailingTrivia": [
                        {
                            "kind": "NewLineTrivia",
                            "fullStart": 30,
                            "fullEnd": 32,
                            "text": "\r\n"
                        }
                    ]
                }
            }
        ],
        "endOfFileToken": {
            "kind": "EndOfFileToken",
            "fullStart": 32,
            "fullEnd": 32,
            "start": 32,
            "end": 32,
            "fullWidth": 0,
            "width": 0,
            "text": ""
        }
    },
    "lineMap": {
        "lineStarts": [
            0,
            3,
            29,
            32
        ],
        "length": 32
    }
}