{
    "isDeclaration": false,
    "languageVersion": "EcmaScript5",
    "sourceUnit": {
        "kind": "SourceUnit",
        "fullStart": 0,
        "fullEnd": 824,
        "start": 351,
        "end": 824,
        "fullWidth": 824,
        "width": 473,
        "moduleElements": [
            {
                "kind": "VariableStatement",
                "fullStart": 0,
                "fullEnd": 362,
                "start": 351,
                "end": 361,
                "fullWidth": 362,
                "width": 10,
                "modifiers": [],
                "variableDeclaration": {
                    "kind": "VariableDeclaration",
                    "fullStart": 0,
                    "fullEnd": 360,
                    "start": 351,
                    "end": 360,
                    "fullWidth": 360,
                    "width": 9,
                    "varKeyword": {
                        "kind": "VarKeyword",
                        "fullStart": 0,
                        "fullEnd": 355,
                        "start": 351,
                        "end": 354,
                        "fullWidth": 355,
                        "width": 3,
                        "text": "var",
                        "value": "var",
                        "valueText": "var",
                        "hasLeadingTrivia": true,
                        "hasLeadingComment": true,
                        "hasLeadingNewLine": true,
                        "hasTrailingTrivia": true,
                        "leadingTrivia": [
                            {
                                "kind": "SingleLineCommentTrivia",
                                "fullStart": 0,
                                "fullEnd": 60,
                                "text": "// Copyright 2009 the Sputnik authors.  All rights reserved."
                            },
                            {
                                "kind": "NewLineTrivia",
                                "fullStart": 60,
                                "fullEnd": 61,
                                "text": "\n"
                            },
                            {
                                "kind": "SingleLineCommentTrivia",
                                "fullStart": 61,
                                "fullEnd": 131,
                                "text": "// This code is governed by the BSD license found in the LICENSE file."
                            },
                            {
                                "kind": "NewLineTrivia",
                                "fullStart": 131,
                                "fullEnd": 132,
                                "text": "\n"
                            },
                            {
                                "kind": "NewLineTrivia",
                                "fullStart": 132,
                                "fullEnd": 133,
                                "text": "\n"
                            },
                            {
                                "kind": "MultiLineCommentTrivia",
                                "fullStart": 133,
                                "fullEnd": 349,
                                "text": "/**\n * Function's scope chain is started when it is declared\n *\n * @path ch13/13.2/S13.2.2_A19_T5.js\n * @description Function is declared in the object scope, then an exception is thrown and the object is deleted\n */"
                            },
                            {
                                "kind": "NewLineTrivia",
                                "fullStart": 349,
                                "fullEnd": 350,
                                "text": "\n"
                            },
                            {
                                "kind": "NewLineTrivia",
                                "fullStart": 350,
                                "fullEnd": 351,
                                "text": "\n"
                            }
                        ],
                        "trailingTrivia": [
                            {
                                "kind": "WhitespaceTrivia",
                                "fullStart": 354,
                                "fullEnd": 355,
                                "text": " "
                            }
                        ]
                    },
                    "variableDeclarators": [
                        {
                            "kind": "VariableDeclarator",
                            "fullStart": 355,
                            "fullEnd": 360,
                            "start": 355,
                            "end": 360,
                            "fullWidth": 5,
                            "width": 5,
                            "propertyName": {
                                "kind": "IdentifierName",
                                "fullStart": 355,
                                "fullEnd": 357,
                                "start": 355,
                                "end": 356,
                                "fullWidth": 2,
                                "width": 1,
                                "text": "a",
                                "value": "a",
                                "valueText": "a",
                                "hasTrailingTrivia": true,
                                "trailingTrivia": [
                                    {
                                        "kind": "WhitespaceTrivia",
                                        "fullStart": 356,
                                        "fullEnd": 357,
                                        "text": " "
                                    }
                                ]
                            },
                            "equalsValueClause": {
                                "kind": "EqualsValueClause",
                                "fullStart": 357,
                                "fullEnd": 360,
                                "start": 357,
                                "end": 360,
                                "fullWidth": 3,
                                "width": 3,
                                "equalsToken": {
                                    "kind": "EqualsToken",
                                    "fullStart": 357,
                                    "fullEnd": 359,
                                    "start": 357,
                                    "end": 358,
                                    "fullWidth": 2,
                                    "width": 1,
                                    "text": "=",
                                    "value": "=",
                                    "valueText": "=",
                                    "hasTrailingTrivia": true,
                                    "trailingTrivia": [
                                        {
                                            "kind": "WhitespaceTrivia",
                                            "fullStart": 358,
                                            "fullEnd": 359,
                                            "text": " "
                                        }
                                    ]
                                },
                                "value": {
                                    "kind": "NumericLiteral",
                                    "fullStart": 359,
                                    "fullEnd": 360,
                                    "start": 359,
                                    "end": 360,
                                    "fullWidth": 1,
                                    "width": 1,
                                    "text": "1",
                                    "value": 1,
                                    "valueText": "1"
                                }
                            }
                        }
                    ]
                },
                "semicolonToken": {
                    "kind": "SemicolonToken",
                    "fullStart": 360,
                    "fullEnd": 362,
                    "start": 360,
                    "end": 361,
                    "fullWidth": 2,
                    "width": 1,
                    "text": ";",
                    "value": ";",
                    "valueText": ";",
                    "hasTrailingTrivia": true,
                    "hasTrailingNewLine": true,
                    "trailingTrivia": [
                        {
                            "kind": "NewLineTrivia",
                            "fullStart": 361,
                            "fullEnd": 362,
                            "text": "\n"
                        }
                    ]
                }
            },
            {
                "kind": "VariableStatement",
                "fullStart": 362,
                "fullEnd": 382,
                "start": 363,
                "end": 381,
                "fullWidth": 20,
                "width": 18,
                "modifiers": [],
                "variableDeclaration": {
                    "kind": "VariableDeclaration",
                    "fullStart": 362,
                    "fullEnd": 380,
                    "start": 363,
                    "end": 380,
                    "fullWidth": 18,
                    "width": 17,
                    "varKeyword": {
                        "kind": "VarKeyword",
                        "fullStart": 362,
                        "fullEnd": 367,
                        "start": 363,
                        "end": 366,
                        "fullWidth": 5,
                        "width": 3,
                        "text": "var",
                        "value": "var",
                        "valueText": "var",
                        "hasLeadingTrivia": true,
                        "hasLeadingNewLine": true,
                        "hasTrailingTrivia": true,
                        "leadingTrivia": [
                            {
                                "kind": "NewLineTrivia",
                                "fullStart": 362,
                                "fullEnd": 363,
                                "text": "\n"
                            }
                        ],
                        "trailingTrivia": [
                            {
                                "kind": "WhitespaceTrivia",
                                "fullStart": 366,
                                "fullEnd": 367,
                                "text": " "
                            }
                        ]
                    },
                    "variableDeclarators": [
                        {
                            "kind": "VariableDeclarator",
                            "fullStart": 367,
                            "fullEnd": 380,
                            "start": 367,
                            "end": 380,
                            "fullWidth": 13,
                            "width": 13,
                            "propertyName": {
                                "kind": "IdentifierName",
                                "fullStart": 367,
                                "fullEnd": 373,
                                "start": 367,
                                "end": 372,
                                "fullWidth": 6,
                                "width": 5,
                                "text": "__obj",
                                "value": "__obj",
                                "valueText": "___obj",
                                "hasTrailingTrivia": true,
                                "trailingTrivia": [
                                    {
                                        "kind": "WhitespaceTrivia",
                                        "fullStart": 372,
                                        "fullEnd": 373,
                                        "text": " "
                                    }
                                ]
                            },
                            "equalsValueClause": {
                                "kind": "EqualsValueClause",
                                "fullStart": 373,
                                "fullEnd": 380,
                                "start": 373,
                                "end": 380,
                                "fullWidth": 7,
                                "width": 7,
                                "equalsToken": {
                                    "kind": "EqualsToken",
                                    "fullStart": 373,
                                    "fullEnd": 375,
                                    "start": 373,
                                    "end": 374,
                                    "fullWidth": 2,
                                    "width": 1,
                                    "text": "=",
                                    "value": "=",
                                    "valueText": "=",
                                    "hasTrailingTrivia": true,
                                    "trailingTrivia": [
                                        {
                                            "kind": "WhitespaceTrivia",
                                            "fullStart": 374,
                                            "fullEnd": 375,
                                            "text": " "
                                        }
                                    ]
                                },
                                "value": {
                                    "kind": "ObjectLiteralExpression",
                                    "fullStart": 375,
                                    "fullEnd": 380,
                                    "start": 375,
                                    "end": 380,
                                    "fullWidth": 5,
                                    "width": 5,
                                    "openBraceToken": {
                                        "kind": "OpenBraceToken",
                                        "fullStart": 375,
                                        "fullEnd": 376,
                                        "start": 375,
                                        "end": 376,
                                        "fullWidth": 1,
                                        "width": 1,
                                        "text": "{",
                                        "value": "{",
                                        "valueText": "{"
                                    },
                                    "propertyAssignments": [
                                        {
                                            "kind": "SimplePropertyAssignment",
                                            "fullStart": 376,
                                            "fullEnd": 379,
                                            "start": 376,
                                            "end": 379,
                                            "fullWidth": 3,
                                            "width": 3,
                                            "propertyName": {
                                                "kind": "IdentifierName",
                                                "fullStart": 376,
                                                "fullEnd": 377,
                                                "start": 376,
                                                "end": 377,
                                                "fullWidth": 1,
                                                "width": 1,
                                                "text": "a",
                                                "value": "a",
                                                "valueText": "a"
                                            },
                                            "colonToken": {
                                                "kind": "ColonToken",
                                                "fullStart": 377,
                                                "fullEnd": 378,
                                                "start": 377,
                                                "end": 378,
                                                "fullWidth": 1,
                                                "width": 1,
                                                "text": ":",
                                                "value": ":",
                                                "valueText": ":"
                                            },
                                            "expression": {
                                                "kind": "NumericLiteral",
                                                "fullStart": 378,
                                                "fullEnd": 379,
                                                "start": 378,
                                                "end": 379,
                                                "fullWidth": 1,
                                                "width": 1,
                                                "text": "2",
                                                "value": 2,
                                                "valueText": "2"
                                            }
                                        }
                                    ],
                                    "closeBraceToken": {
                                        "kind": "CloseBraceToken",
                                        "fullStart": 379,
                                        "fullEnd": 380,
                                        "start": 379,
                                        "end": 380,
                                        "fullWidth": 1,
                                        "width": 1,
                                        "text": "}",
                                        "value": "}",
                                        "valueText": "}"
                                    }
                                }
                            }
                        }
                    ]
                },
                "semicolonToken": {
                    "kind": "SemicolonToken",
                    "fullStart": 380,
                    "fullEnd": 382,
                    "start": 380,
                    "end": 381,
                    "fullWidth": 2,
                    "width": 1,
                    "text": ";",
                    "value": ";",
                    "valueText": ";",
                    "hasTrailingTrivia": true,
                    "hasTrailingNewLine": true,
                    "trailingTrivia": [
                        {
                            "kind": "NewLineTrivia",
                            "fullStart": 381,
                            "fullEnd": 382,
                            "text": "\n"
                        }
                    ]
                }
            },
            {
                "kind": "WithStatement",
                "fullStart": 382,
                "fullEnd": 538,
                "start": 383,
                "end": 537,
                "fullWidth": 156,
                "width": 154,
                "withKeyword": {
                    "kind": "WithKeyword",
                    "fullStart": 382,
                    "fullEnd": 388,
                    "start": 383,
                    "end": 387,
                    "fullWidth": 6,
                    "width": 4,
                    "text": "with",
                    "value": "with",
                    "valueText": "with",
                    "hasLeadingTrivia": true,
                    "hasLeadingNewLine": true,
                    "hasTrailingTrivia": true,
                    "leadingTrivia": [
                        {
                            "kind": "NewLineTrivia",
                            "fullStart": 382,
                            "fullEnd": 383,
                            "text": "\n"
                        }
                    ],
                    "trailingTrivia": [
                        {
                            "kind": "WhitespaceTrivia",
                            "fullStart": 387,
                            "fullEnd": 388,
                            "text": " "
                        }
                    ]
                },
                "openParenToken": {
                    "kind": "OpenParenToken",
                    "fullStart": 388,
                    "fullEnd": 389,
                    "start": 388,
                    "end": 389,
                    "fullWidth": 1,
                    "width": 1,
                    "text": "(",
                    "value": "(",
                    "valueText": "("
                },
                "condition": {
                    "kind": "IdentifierName",
                    "fullStart": 389,
                    "fullEnd": 394,
                    "start": 389,
                    "end": 394,
                    "fullWidth": 5,
                    "width": 5,
                    "text": "__obj",
                    "value": "__obj",
                    "valueText": "___obj"
                },
                "closeParenToken": {
                    "kind": "CloseParenToken",
                    "fullStart": 394,
                    "fullEnd": 396,
                    "start": 394,
                    "end": 395,
                    "fullWidth": 2,
                    "width": 1,
                    "text": ")",
                    "value": ")",
                    "valueText": ")",
                    "hasTrailingTrivia": true,
                    "hasTrailingNewLine": true,
                    "trailingTrivia": [
                        {
                            "kind": "NewLineTrivia",
                            "fullStart": 395,
                            "fullEnd": 396,
                            "text": "\n"
                        }
                    ]
                },
                "statement": {
                    "kind": "Block",
                    "fullStart": 396,
                    "fullEnd": 538,
                    "start": 396,
                    "end": 537,
                    "fullWidth": 142,
                    "width": 141,
                    "openBraceToken": {
                        "kind": "OpenBraceToken",
                        "fullStart": 396,
                        "fullEnd": 398,
                        "start": 396,
                        "end": 397,
                        "fullWidth": 2,
                        "width": 1,
                        "text": "{",
                        "value": "{",
                        "valueText": "{",
                        "hasTrailingTrivia": true,
                        "hasTrailingNewLine": true,
                        "trailingTrivia": [
                            {
                                "kind": "NewLineTrivia",
                                "fullStart": 397,
                                "fullEnd": 398,
                                "text": "\n"
                            }
                        ]
                    },
                    "statements": [
                        {
                            "kind": "TryStatement",
                            "fullStart": 398,
                            "fullEnd": 536,
                            "start": 402,
                            "end": 535,
                            "fullWidth": 138,
                            "width": 133,
                            "tryKeyword": {
                                "kind": "TryKeyword",
                                "fullStart": 398,
                                "fullEnd": 406,
                                "start": 402,
                                "end": 405,
                                "fullWidth": 8,
                                "width": 3,
                                "text": "try",
                                "value": "try",
                                "valueText": "try",
                                "hasLeadingTrivia": true,
                                "hasTrailingTrivia": true,
                                "leadingTrivia": [
                                    {
                                        "kind": "WhitespaceTrivia",
                                        "fullStart": 398,
                                        "fullEnd": 402,
                                        "text": "    "
                                    }
                                ],
                                "trailingTrivia": [
                                    {
                                        "kind": "WhitespaceTrivia",
                                        "fullStart": 405,
                                        "fullEnd": 406,
                                        "text": " "
                                    }
                                ]
                            },
                            "block": {
                                "kind": "Block",
                                "fullStart": 406,
                                "fullEnd": 511,
                                "start": 406,
                                "end": 510,
                                "fullWidth": 105,
                                "width": 104,
                                "openBraceToken": {
                                    "kind": "OpenBraceToken",
                                    "fullStart": 406,
                                    "fullEnd": 408,
                                    "start": 406,
                                    "end": 407,
                                    "fullWidth": 2,
                                    "width": 1,
                                    "text": "{",
                                    "value": "{",
                                    "valueText": "{",
                                    "hasTrailingTrivia": true,
                                    "hasTrailingNewLine": true,
                                    "trailingTrivia": [
                                        {
                                            "kind": "NewLineTrivia",
                                            "fullStart": 407,
                                            "fullEnd": 408,
                                            "text": "\n"
                                        }
                                    ]
                                },
                                "statements": [
                                    {
                                        "kind": "VariableStatement",
                                        "fullStart": 408,
                                        "fullEnd": 488,
                                        "start": 422,
                                        "end": 487,
                                        "fullWidth": 80,
                                        "width": 65,
                                        "modifiers": [],
                                        "variableDeclaration": {
                                            "kind": "VariableDeclaration",
                                            "fullStart": 408,
                                            "fullEnd": 488,
                                            "start": 422,
                                            "end": 487,
                                            "fullWidth": 80,
                                            "width": 65,
                                            "varKeyword": {
                                                "kind": "VarKeyword",
                                                "fullStart": 408,
                                                "fullEnd": 426,
                                                "start": 422,
                                                "end": 425,
                                                "fullWidth": 18,
                                                "width": 3,
                                                "text": "var",
                                                "value": "var",
                                                "valueText": "var",
                                                "hasLeadingTrivia": true,
                                                "hasLeadingNewLine": true,
                                                "hasTrailingTrivia": true,
                                                "leadingTrivia": [
                                                    {
                                                        "kind": "WhitespaceTrivia",
                                                        "fullStart": 408,
                                                        "fullEnd": 416,
                                                        "text": "        "
                                                    },
                                                    {
                                                        "kind": "NewLineTrivia",
                                                        "fullStart": 416,
                                                        "fullEnd": 417,
                                                        "text": "\n"
                                                    },
                                                    {
                                                        "kind": "WhitespaceTrivia",
                                                        "fullStart": 417,
                                                        "fullEnd": 422,
                                                        "text": "    \t"
                                                    }
                                                ],
                                                "trailingTrivia": [
                                                    {
                                                        "kind": "WhitespaceTrivia",
                                                        "fullStart": 425,
                                                        "fullEnd": 426,
                                                        "text": " "
                                                    }
                                                ]
                                            },
                                            "variableDeclarators": [
                                                {
                                                    "kind": "VariableDeclarator",
                                                    "fullStart": 426,
                                                    "fullEnd": 488,
                                                    "start": 426,
                                                    "end": 487,
                                                    "fullWidth": 62,
                                                    "width": 61,
                                                    "propertyName": {
                                                        "kind": "IdentifierName",
                                                        "fullStart": 426,
                                                        "fullEnd": 433,
                                                        "start": 426,
                                                        "end": 432,
                                                        "fullWidth": 7,
                                                        "width": 6,
                                                        "text": "__func",
                                                        "value": "__func",
                                                        "valueText": "___func",
                                                        "hasTrailingTrivia": true,
                                                        "trailingTrivia": [
                                                            {
                                                                "kind": "WhitespaceTrivia",
                                                                "fullStart": 432,
                                                                "fullEnd": 433,
                                                                "text": " "
                                                            }
                                                        ]
                                                    },
                                                    "equalsValueClause": {
                                                        "kind": "EqualsValueClause",
                                                        "fullStart": 433,
                                                        "fullEnd": 488,
                                                        "start": 433,
                                                        "end": 487,
                                                        "fullWidth": 55,
                                                        "width": 54,
                                                        "equalsToken": {
                                                            "kind": "EqualsToken",
                                                            "fullStart": 433,
                                                            "fullEnd": 435,
                                                            "start": 433,
                                                            "end": 434,
                                                            "fullWidth": 2,
                                                            "width": 1,
                                                            "text": "=",
                                                            "value": "=",
                                                            "valueText": "=",
                                                            "hasTrailingTrivia": true,
                                                            "trailingTrivia": [
                                                                {
                                                                    "kind": "WhitespaceTrivia",
                                                                    "fullStart": 434,
                                                                    "fullEnd": 435,
                                                                    "text": " "
                                                                }
                                                            ]
                                                        },
                                                        "value": {
                                                            "kind": "FunctionExpression",
                                                            "fullStart": 435,
                                                            "fullEnd": 488,
                                                            "start": 435,
                                                            "end": 487,
                                                            "fullWidth": 53,
                                                            "width": 52,
                                                            "functionKeyword": {
                                                                "kind": "FunctionKeyword",
                                                                "fullStart": 435,
                                                                "fullEnd": 443,
                                                                "start": 435,
                                                                "end": 443,
                                                                "fullWidth": 8,
                                                                "width": 8,
                                                                "text": "function",
                                                                "value": "function",
                                                                "valueText": "function"
                                                            },
                                                            "callSignature": {
                                                                "kind": "CallSignature",
                                                                "fullStart": 443,
                                                                "fullEnd": 446,
                                                                "start": 443,
                                                                "end": 445,
                                                                "fullWidth": 3,
                                                                "width": 2,
                                                                "parameterList": {
                                                                    "kind": "ParameterList",
                                                                    "fullStart": 443,
                                                                    "fullEnd": 446,
                                                                    "start": 443,
                                                                    "end": 445,
                                                                    "fullWidth": 3,
                                                                    "width": 2,
                                                                    "openParenToken": {
                                                                        "kind": "OpenParenToken",
                                                                        "fullStart": 443,
                                                                        "fullEnd": 444,
                                                                        "start": 443,
                                                                        "end": 444,
                                                                        "fullWidth": 1,
                                                                        "width": 1,
                                                                        "text": "(",
                                                                        "value": "(",
                                                                        "valueText": "("
                                                                    },
                                                                    "parameters": [],
                                                                    "closeParenToken": {
                                                                        "kind": "CloseParenToken",
                                                                        "fullStart": 444,
                                                                        "fullEnd": 446,
                                                                        "start": 444,
                                                                        "end": 445,
                                                                        "fullWidth": 2,
                                                                        "width": 1,
                                                                        "text": ")",
                                                                        "value": ")",
                                                                        "valueText": ")",
                                                                        "hasTrailingTrivia": true,
                                                                        "hasTrailingNewLine": true,
                                                                        "trailingTrivia": [
                                                                            {
                                                                                "kind": "NewLineTrivia",
                                                                                "fullStart": 445,
                                                                                "fullEnd": 446,
                                                                                "text": "\n"
                                                                            }
                                                                        ]
                                                                    }
                                                                }
                                                            },
                                                            "block": {
                                                                "kind": "Block",
                                                                "fullStart": 446,
                                                                "fullEnd": 488,
                                                                "start": 454,
                                                                "end": 487,
                                                                "fullWidth": 42,
                                                                "width": 33,
                                                                "openBraceToken": {
                                                                    "kind": "OpenBraceToken",
                                                                    "fullStart": 446,
                                                                    "fullEnd": 456,
                                                                    "start": 454,
                                                                    "end": 455,
                                                                    "fullWidth": 10,
                                                                    "width": 1,
                                                                    "text": "{",
                                                                    "value": "{",
                                                                    "valueText": "{",
                                                                    "hasLeadingTrivia": true,
                                                                    "hasTrailingTrivia": true,
                                                                    "hasTrailingNewLine": true,
                                                                    "leadingTrivia": [
                                                                        {
                                                                            "kind": "WhitespaceTrivia",
                                                                            "fullStart": 446,
                                                                            "fullEnd": 454,
                                                                            "text": "        "
                                                                        }
                                                                    ],
                                                                    "trailingTrivia": [
                                                                        {
                                                                            "kind": "NewLineTrivia",
                                                                            "fullStart": 455,
                                                                            "fullEnd": 456,
                                                                            "text": "\n"
                                                                        }
                                                                    ]
                                                                },
                                                                "statements": [
                                                                    {
                                                                        "kind": "ReturnStatement",
                                                                        "fullStart": 456,
                                                                        "fullEnd": 478,
                                                                        "start": 468,
                                                                        "end": 477,
                                                                        "fullWidth": 22,
                                                                        "width": 9,
                                                                        "returnKeyword": {
                                                                            "kind": "ReturnKeyword",
                                                                            "fullStart": 456,
                                                                            "fullEnd": 475,
                                                                            "start": 468,
                                                                            "end": 474,
                                                                            "fullWidth": 19,
                                                                            "width": 6,
                                                                            "text": "return",
                                                                            "value": "return",
                                                                            "valueText": "return",
                                                                            "hasLeadingTrivia": true,
                                                                            "hasTrailingTrivia": true,
                                                                            "leadingTrivia": [
                                                                                {
                                                                                    "kind": "WhitespaceTrivia",
                                                                                    "fullStart": 456,
                                                                                    "fullEnd": 468,
                                                                                    "text": "            "
                                                                                }
                                                                            ],
                                                                            "trailingTrivia": [
                                                                                {
                                                                                    "kind": "WhitespaceTrivia",
                                                                                    "fullStart": 474,
                                                                                    "fullEnd": 475,
                                                                                    "text": " "
                                                                                }
                                                                            ]
                                                                        },
                                                                        "expression": {
                                                                            "kind": "IdentifierName",
                                                                            "fullStart": 475,
                                                                            "fullEnd": 476,
                                                                            "start": 475,
                                                                            "end": 476,
                                                                            "fullWidth": 1,
                                                                            "width": 1,
                                                                            "text": "a",
                                                                            "value": "a",
                                                                            "valueText": "a"
                                                                        },
                                                                        "semicolonToken": {
                                                                            "kind": "SemicolonToken",
                                                                            "fullStart": 476,
                                                                            "fullEnd": 478,
                                                                            "start": 476,
                                                                            "end": 477,
                                                                            "fullWidth": 2,
                                                                            "width": 1,
                                                                            "text": ";",
                                                                            "value": ";",
                                                                            "valueText": ";",
                                                                            "hasTrailingTrivia": true,
                                                                            "hasTrailingNewLine": true,
                                                                            "trailingTrivia": [
                                                                                {
                                                                                    "kind": "NewLineTrivia",
                                                                                    "fullStart": 477,
                                                                                    "fullEnd": 478,
                                                                                    "text": "\n"
                                                                                }
                                                                            ]
                                                                        }
                                                                    }
                                                                ],
                                                                "closeBraceToken": {
                                                                    "kind": "CloseBraceToken",
                                                                    "fullStart": 478,
                                                                    "fullEnd": 488,
                                                                    "start": 486,
                                                                    "end": 487,
                                                                    "fullWidth": 10,
                                                                    "width": 1,
                                                                    "text": "}",
                                                                    "value": "}",
                                                                    "valueText": "}",
                                                                    "hasLeadingTrivia": true,
                                                                    "hasTrailingTrivia": true,
                                                                    "hasTrailingNewLine": true,
                                                                    "leadingTrivia": [
                                                                        {
                                                                            "kind": "WhitespaceTrivia",
                                                                            "fullStart": 478,
                                                                            "fullEnd": 486,
                                                                            "text": "        "
                                                                        }
                                                                    ],
                                                                    "trailingTrivia": [
                                                                        {
                                                                            "kind": "NewLineTrivia",
                                                                            "fullStart": 487,
                                                                            "fullEnd": 488,
                                                                            "text": "\n"
                                                                        }
                                                                    ]
                                                                }
                                                            }
                                                        }
                                                    }
                                                }
                                            ]
                                        }
                                    },
                                    {
                                        "kind": "ThrowStatement",
                                        "fullStart": 488,
                                        "fullEnd": 505,
                                        "start": 496,
                                        "end": 504,
                                        "fullWidth": 17,
                                        "width": 8,
                                        "throwKeyword": {
                                            "kind": "ThrowKeyword",
                                            "fullStart": 488,
                                            "fullEnd": 502,
                                            "start": 496,
                                            "end": 501,
                                            "fullWidth": 14,
                                            "width": 5,
                                            "text": "throw",
                                            "value": "throw",
                                            "valueText": "throw",
                                            "hasLeadingTrivia": true,
                                            "hasTrailingTrivia": true,
                                            "leadingTrivia": [
                                                {
                                                    "kind": "WhitespaceTrivia",
                                                    "fullStart": 488,
                                                    "fullEnd": 496,
                                                    "text": "        "
                                                }
                                            ],
                                            "trailingTrivia": [
                                                {
                                                    "kind": "WhitespaceTrivia",
                                                    "fullStart": 501,
                                                    "fullEnd": 502,
                                                    "text": " "
                                                }
                                            ]
                                        },
                                        "expression": {
                                            "kind": "NumericLiteral",
                                            "fullStart": 502,
                                            "fullEnd": 503,
                                            "start": 502,
                                            "end": 503,
                                            "fullWidth": 1,
                                            "width": 1,
                                            "text": "3",
                                            "value": 3,
                                            "valueText": "3"
                                        },
                                        "semicolonToken": {
                                            "kind": "SemicolonToken",
                                            "fullStart": 503,
                                            "fullEnd": 505,
                                            "start": 503,
                                            "end": 504,
                                            "fullWidth": 2,
                                            "width": 1,
                                            "text": ";",
                                            "value": ";",
                                            "valueText": ";",
                                            "hasTrailingTrivia": true,
                                            "hasTrailingNewLine": true,
                                            "trailingTrivia": [
                                                {
                                                    "kind": "NewLineTrivia",
                                                    "fullStart": 504,
                                                    "fullEnd": 505,
                                                    "text": "\n"
                                                }
                                            ]
                                        }
                                    }
                                ],
                                "closeBraceToken": {
                                    "kind": "CloseBraceToken",
                                    "fullStart": 505,
                                    "fullEnd": 511,
                                    "start": 509,
                                    "end": 510,
                                    "fullWidth": 6,
                                    "width": 1,
                                    "text": "}",
                                    "value": "}",
                                    "valueText": "}",
                                    "hasLeadingTrivia": true,
                                    "hasTrailingTrivia": true,
                                    "leadingTrivia": [
                                        {
                                            "kind": "WhitespaceTrivia",
                                            "fullStart": 505,
                                            "fullEnd": 509,
                                            "text": "    "
                                        }
                                    ],
                                    "trailingTrivia": [
                                        {
                                            "kind": "WhitespaceTrivia",
                                            "fullStart": 510,
                                            "fullEnd": 511,
                                            "text": " "
                                        }
                                    ]
                                }
                            },
                            "catchClause": {
                                "kind": "CatchClause",
                                "fullStart": 511,
                                "fullEnd": 536,
                                "start": 511,
                                "end": 535,
                                "fullWidth": 25,
                                "width": 24,
                                "catchKeyword": {
                                    "kind": "CatchKeyword",
                                    "fullStart": 511,
                                    "fullEnd": 517,
                                    "start": 511,
                                    "end": 516,
                                    "fullWidth": 6,
                                    "width": 5,
                                    "text": "catch",
                                    "value": "catch",
                                    "valueText": "catch",
                                    "hasTrailingTrivia": true,
                                    "trailingTrivia": [
                                        {
                                            "kind": "WhitespaceTrivia",
                                            "fullStart": 516,
                                            "fullEnd": 517,
                                            "text": " "
                                        }
                                    ]
                                },
                                "openParenToken": {
                                    "kind": "OpenParenToken",
                                    "fullStart": 517,
                                    "fullEnd": 518,
                                    "start": 517,
                                    "end": 518,
                                    "fullWidth": 1,
                                    "width": 1,
                                    "text": "(",
                                    "value": "(",
                                    "valueText": "("
                                },
                                "identifier": {
                                    "kind": "IdentifierName",
                                    "fullStart": 518,
                                    "fullEnd": 519,
                                    "start": 518,
                                    "end": 519,
                                    "fullWidth": 1,
                                    "width": 1,
                                    "text": "e",
                                    "value": "e",
                                    "valueText": "e"
                                },
                                "closeParenToken": {
                                    "kind": "CloseParenToken",
                                    "fullStart": 519,
                                    "fullEnd": 521,
                                    "start": 519,
                                    "end": 520,
                                    "fullWidth": 2,
                                    "width": 1,
                                    "text": ")",
                                    "value": ")",
                                    "valueText": ")",
                                    "hasTrailingTrivia": true,
                                    "trailingTrivia": [
                                        {
                                            "kind": "WhitespaceTrivia",
                                            "fullStart": 520,
                                            "fullEnd": 521,
                                            "text": " "
                                        }
                                    ]
                                },
                                "block": {
                                    "kind": "Block",
                                    "fullStart": 521,
                                    "fullEnd": 536,
                                    "start": 521,
                                    "end": 535,
                                    "fullWidth": 15,
                                    "width": 14,
                                    "openBraceToken": {
                                        "kind": "OpenBraceToken",
                                        "fullStart": 521,
                                        "fullEnd": 523,
                                        "start": 521,
                                        "end": 522,
                                        "fullWidth": 2,
                                        "width": 1,
                                        "text": "{",
                                        "value": "{",
                                        "valueText": "{",
                                        "hasTrailingTrivia": true,
                                        "hasTrailingNewLine": true,
                                        "trailingTrivia": [
                                            {
                                                "kind": "NewLineTrivia",
                                                "fullStart": 522,
                                                "fullEnd": 523,
                                                "text": "\n"
                                            }
                                        ]
                                    },
                                    "statements": [
                                        {
                                            "kind": "EmptyStatement",
                                            "fullStart": 523,
                                            "fullEnd": 530,
                                            "start": 528,
                                            "end": 529,
                                            "fullWidth": 7,
                                            "width": 1,
                                            "semicolonToken": {
                                                "kind": "SemicolonToken",
                                                "fullStart": 523,
                                                "fullEnd": 530,
                                                "start": 528,
                                                "end": 529,
                                                "fullWidth": 7,
                                                "width": 1,
                                                "text": ";",
                                                "value": ";",
                                                "valueText": ";",
                                                "hasLeadingTrivia": true,
                                                "hasTrailingTrivia": true,
                                                "hasTrailingNewLine": true,
                                                "leadingTrivia": [
                                                    {
                                                        "kind": "WhitespaceTrivia",
                                                        "fullStart": 523,
                                                        "fullEnd": 528,
                                                        "text": "    \t"
                                                    }
                                                ],
                                                "trailingTrivia": [
                                                    {
                                                        "kind": "NewLineTrivia",
                                                        "fullStart": 529,
                                                        "fullEnd": 530,
                                                        "text": "\n"
                                                    }
                                                ]
                                            }
                                        }
                                    ],
                                    "closeBraceToken": {
                                        "kind": "CloseBraceToken",
                                        "fullStart": 530,
                                        "fullEnd": 536,
                                        "start": 534,
                                        "end": 535,
                                        "fullWidth": 6,
                                        "width": 1,
                                        "text": "}",
                                        "value": "}",
                                        "valueText": "}",
                                        "hasLeadingTrivia": true,
                                        "hasTrailingTrivia": true,
                                        "hasTrailingNewLine": true,
                                        "leadingTrivia": [
                                            {
                                                "kind": "WhitespaceTrivia",
                                                "fullStart": 530,
                                                "fullEnd": 534,
                                                "text": "    "
                                            }
                                        ],
                                        "trailingTrivia": [
                                            {
                                                "kind": "NewLineTrivia",
                                                "fullStart": 535,
                                                "fullEnd": 536,
                                                "text": "\n"
                                            }
                                        ]
                                    }
                                }
                            }
                        }
                    ],
                    "closeBraceToken": {
                        "kind": "CloseBraceToken",
                        "fullStart": 536,
                        "fullEnd": 538,
                        "start": 536,
                        "end": 537,
                        "fullWidth": 2,
                        "width": 1,
                        "text": "}",
                        "value": "}",
                        "valueText": "}",
                        "hasTrailingTrivia": true,
                        "hasTrailingNewLine": true,
                        "trailingTrivia": [
                            {
                                "kind": "NewLineTrivia",
                                "fullStart": 537,
                                "fullEnd": 538,
                                "text": "\n"
                            }
                        ]
                    }
                }
            },
            {
                "kind": "ExpressionStatement",
                "fullStart": 538,
                "fullEnd": 553,
                "start": 539,
                "end": 552,
                "fullWidth": 15,
                "width": 13,
                "expression": {
                    "kind": "DeleteExpression",
                    "fullStart": 538,
                    "fullEnd": 551,
                    "start": 539,
                    "end": 551,
                    "fullWidth": 13,
                    "width": 12,
                    "deleteKeyword": {
                        "kind": "DeleteKeyword",
                        "fullStart": 538,
                        "fullEnd": 546,
                        "start": 539,
                        "end": 545,
                        "fullWidth": 8,
                        "width": 6,
                        "text": "delete",
                        "value": "delete",
                        "valueText": "delete",
                        "hasLeadingTrivia": true,
                        "hasLeadingNewLine": true,
                        "hasTrailingTrivia": true,
                        "leadingTrivia": [
                            {
                                "kind": "NewLineTrivia",
                                "fullStart": 538,
                                "fullEnd": 539,
                                "text": "\n"
                            }
                        ],
                        "trailingTrivia": [
                            {
                                "kind": "WhitespaceTrivia",
                                "fullStart": 545,
                                "fullEnd": 546,
                                "text": " "
                            }
                        ]
                    },
                    "expression": {
                        "kind": "IdentifierName",
                        "fullStart": 546,
                        "fullEnd": 551,
                        "start": 546,
                        "end": 551,
                        "fullWidth": 5,
                        "width": 5,
                        "text": "__obj",
                        "value": "__obj",
                        "valueText": "___obj"
                    }
                },
                "semicolonToken": {
                    "kind": "SemicolonToken",
                    "fullStart": 551,
                    "fullEnd": 553,
                    "start": 551,
                    "end": 552,
                    "fullWidth": 2,
                    "width": 1,
                    "text": ";",
                    "value": ";",
                    "valueText": ";",
                    "hasTrailingTrivia": true,
                    "hasTrailingNewLine": true,
                    "trailingTrivia": [
                        {
                            "kind": "NewLineTrivia",
                            "fullStart": 552,
                            "fullEnd": 553,
                            "text": "\n"
                        }
                    ]
                }
            },
            {
                "kind": "ExpressionStatement",
                "fullStart": 553,
                "fullEnd": 573,
                "start": 554,
                "end": 572,
                "fullWidth": 20,
                "width": 18,
                "expression": {
                    "kind": "AssignmentExpression",
                    "fullStart": 553,
                    "fullEnd": 571,
                    "start": 554,
                    "end": 571,
                    "fullWidth": 18,
                    "width": 17,
                    "left": {
                        "kind": "IdentifierName",
                        "fullStart": 553,
                        "fullEnd": 561,
                        "start": 554,
                        "end": 560,
                        "fullWidth": 8,
                        "width": 6,
                        "text": "result",
                        "value": "result",
                        "valueText": "result",
                        "hasLeadingTrivia": true,
                        "hasLeadingNewLine": true,
                        "hasTrailingTrivia": true,
                        "leadingTrivia": [
                            {
                                "kind": "NewLineTrivia",
                                "fullStart": 553,
                                "fullEnd": 554,
                                "text": "\n"
                            }
                        ],
                        "trailingTrivia": [
                            {
                                "kind": "WhitespaceTrivia",
                                "fullStart": 560,
                                "fullEnd": 561,
                                "text": " "
                            }
                        ]
                    },
                    "operatorToken": {
                        "kind": "EqualsToken",
                        "fullStart": 561,
                        "fullEnd": 563,
                        "start": 561,
                        "end": 562,
                        "fullWidth": 2,
                        "width": 1,
                        "text": "=",
                        "value": "=",
                        "valueText": "=",
                        "hasTrailingTrivia": true,
                        "trailingTrivia": [
                            {
                                "kind": "WhitespaceTrivia",
                                "fullStart": 562,
                                "fullEnd": 563,
                                "text": " "
                            }
                        ]
                    },
                    "right": {
                        "kind": "InvocationExpression",
                        "fullStart": 563,
                        "fullEnd": 571,
                        "start": 563,
                        "end": 571,
                        "fullWidth": 8,
                        "width": 8,
                        "expression": {
                            "kind": "IdentifierName",
                            "fullStart": 563,
                            "fullEnd": 569,
                            "start": 563,
                            "end": 569,
                            "fullWidth": 6,
                            "width": 6,
                            "text": "__func",
                            "value": "__func",
                            "valueText": "___func"
                        },
                        "argumentList": {
                            "kind": "ArgumentList",
                            "fullStart": 569,
                            "fullEnd": 571,
                            "start": 569,
                            "end": 571,
                            "fullWidth": 2,
                            "width": 2,
                            "openParenToken": {
                                "kind": "OpenParenToken",
                                "fullStart": 569,
                                "fullEnd": 570,
                                "start": 569,
                                "end": 570,
                                "fullWidth": 1,
                                "width": 1,
                                "text": "(",
                                "value": "(",
                                "valueText": "("
                            },
                            "arguments": [],
                            "closeParenToken": {
                                "kind": "CloseParenToken",
                                "fullStart": 570,
                                "fullEnd": 571,
                                "start": 570,
                                "end": 571,
                                "fullWidth": 1,
                                "width": 1,
                                "text": ")",
                                "value": ")",
                                "valueText": ")"
                            }
                        }
                    }
                },
                "semicolonToken": {
                    "kind": "SemicolonToken",
                    "fullStart": 571,
                    "fullEnd": 573,
                    "start": 571,
                    "end": 572,
                    "fullWidth": 2,
                    "width": 1,
                    "text": ";",
                    "value": ";",
                    "valueText": ";",
                    "hasTrailingTrivia": true,
                    "hasTrailingNewLine": true,
                    "trailingTrivia": [
                        {
                            "kind": "NewLineTrivia",
                            "fullStart": 572,
                            "fullEnd": 573,
                            "text": "\n"
                        }
                    ]
                }
            },
            {
                "kind": "IfStatement",
                "fullStart": 573,
                "fullEnd": 741,
                "start": 663,
                "end": 740,
                "fullWidth": 168,
                "width": 77,
                "ifKeyword": {
                    "kind": "IfKeyword",
                    "fullStart": 573,
                    "fullEnd": 666,
                    "start": 663,
                    "end": 665,
                    "fullWidth": 93,
                    "width": 2,
                    "text": "if",
                    "value": "if",
                    "valueText": "if",
                    "hasLeadingTrivia": true,
                    "hasLeadingComment": true,
                    "hasLeadingNewLine": true,
                    "hasTrailingTrivia": true,
                    "leadingTrivia": [
                        {
                            "kind": "NewLineTrivia",
                            "fullStart": 573,
                            "fullEnd": 574,
                            "text": "\n"
                        },
                        {
                            "kind": "SingleLineCommentTrivia",
                            "fullStart": 574,
                            "fullEnd": 652,
                            "text": "//////////////////////////////////////////////////////////////////////////////"
                        },
                        {
                            "kind": "NewLineTrivia",
                            "fullStart": 652,
                            "fullEnd": 653,
                            "text": "\n"
                        },
                        {
                            "kind": "SingleLineCommentTrivia",
                            "fullStart": 653,
                            "fullEnd": 662,
                            "text": "//CHECK#1"
                        },
                        {
                            "kind": "NewLineTrivia",
                            "fullStart": 662,
                            "fullEnd": 663,
                            "text": "\n"
                        }
                    ],
                    "trailingTrivia": [
                        {
                            "kind": "WhitespaceTrivia",
                            "fullStart": 665,
                            "fullEnd": 666,
                            "text": " "
                        }
                    ]
                },
                "openParenToken": {
                    "kind": "OpenParenToken",
                    "fullStart": 666,
                    "fullEnd": 667,
                    "start": 666,
                    "end": 667,
                    "fullWidth": 1,
                    "width": 1,
                    "text": "(",
                    "value": "(",
                    "valueText": "("
                },
                "condition": {
                    "kind": "NotEqualsExpression",
                    "fullStart": 667,
                    "fullEnd": 679,
                    "start": 667,
                    "end": 679,
                    "fullWidth": 12,
                    "width": 12,
                    "left": {
                        "kind": "IdentifierName",
                        "fullStart": 667,
                        "fullEnd": 674,
                        "start": 667,
                        "end": 673,
                        "fullWidth": 7,
                        "width": 6,
                        "text": "result",
                        "value": "result",
                        "valueText": "result",
                        "hasTrailingTrivia": true,
                        "trailingTrivia": [
                            {
                                "kind": "WhitespaceTrivia",
                                "fullStart": 673,
                                "fullEnd": 674,
                                "text": " "
                            }
                        ]
                    },
                    "operatorToken": {
                        "kind": "ExclamationEqualsEqualsToken",
                        "fullStart": 674,
                        "fullEnd": 678,
                        "start": 674,
                        "end": 677,
                        "fullWidth": 4,
                        "width": 3,
                        "text": "!==",
                        "value": "!==",
                        "valueText": "!==",
                        "hasTrailingTrivia": true,
                        "trailingTrivia": [
                            {
                                "kind": "WhitespaceTrivia",
                                "fullStart": 677,
                                "fullEnd": 678,
                                "text": " "
                            }
                        ]
                    },
                    "right": {
                        "kind": "NumericLiteral",
                        "fullStart": 678,
                        "fullEnd": 679,
                        "start": 678,
                        "end": 679,
                        "fullWidth": 1,
                        "width": 1,
                        "text": "2",
                        "value": 2,
                        "valueText": "2"
                    }
                },
                "closeParenToken": {
                    "kind": "CloseParenToken",
                    "fullStart": 679,
                    "fullEnd": 681,
                    "start": 679,
                    "end": 680,
                    "fullWidth": 2,
                    "width": 1,
                    "text": ")",
                    "value": ")",
                    "valueText": ")",
                    "hasTrailingTrivia": true,
                    "trailingTrivia": [
                        {
                            "kind": "WhitespaceTrivia",
                            "fullStart": 680,
                            "fullEnd": 681,
                            "text": " "
                        }
                    ]
                },
                "statement": {
                    "kind": "Block",
                    "fullStart": 681,
                    "fullEnd": 741,
                    "start": 681,
                    "end": 740,
                    "fullWidth": 60,
                    "width": 59,
                    "openBraceToken": {
                        "kind": "OpenBraceToken",
                        "fullStart": 681,
                        "fullEnd": 683,
                        "start": 681,
                        "end": 682,
                        "fullWidth": 2,
                        "width": 1,
                        "text": "{",
                        "value": "{",
                        "valueText": "{",
                        "hasTrailingTrivia": true,
                        "hasTrailingNewLine": true,
                        "trailingTrivia": [
                            {
                                "kind": "NewLineTrivia",
                                "fullStart": 682,
                                "fullEnd": 683,
                                "text": "\n"
                            }
                        ]
                    },
                    "statements": [
                        {
                            "kind": "ExpressionStatement",
                            "fullStart": 683,
                            "fullEnd": 739,
                            "start": 684,
                            "end": 738,
                            "fullWidth": 56,
                            "width": 54,
                            "expression": {
                                "kind": "InvocationExpression",
                                "fullStart": 683,
                                "fullEnd": 737,
                                "start": 684,
                                "end": 737,
                                "fullWidth": 54,
                                "width": 53,
                                "expression": {
                                    "kind": "IdentifierName",
                                    "fullStart": 683,
                                    "fullEnd": 690,
                                    "start": 684,
                                    "end": 690,
                                    "fullWidth": 7,
                                    "width": 6,
                                    "text": "$ERROR",
                                    "value": "$ERROR",
                                    "valueText": "$ERROR",
                                    "hasLeadingTrivia": true,
                                    "leadingTrivia": [
                                        {
                                            "kind": "WhitespaceTrivia",
                                            "fullStart": 683,
                                            "fullEnd": 684,
                                            "text": "\t"
                                        }
                                    ]
                                },
                                "argumentList": {
                                    "kind": "ArgumentList",
                                    "fullStart": 690,
                                    "fullEnd": 737,
                                    "start": 690,
                                    "end": 737,
                                    "fullWidth": 47,
                                    "width": 47,
                                    "openParenToken": {
                                        "kind": "OpenParenToken",
                                        "fullStart": 690,
                                        "fullEnd": 691,
                                        "start": 690,
                                        "end": 691,
                                        "fullWidth": 1,
                                        "width": 1,
                                        "text": "(",
                                        "value": "(",
                                        "valueText": "("
                                    },
                                    "arguments": [
                                        {
                                            "kind": "AddExpression",
                                            "fullStart": 691,
                                            "fullEnd": 736,
                                            "start": 691,
                                            "end": 736,
                                            "fullWidth": 45,
                                            "width": 45,
                                            "left": {
                                                "kind": "StringLiteral",
                                                "fullStart": 691,
                                                "fullEnd": 729,
                                                "start": 691,
                                                "end": 729,
                                                "fullWidth": 38,
                                                "width": 38,
                                                "text": "'#1: result === 2. Actual: result ==='",
                                                "value": "#1: result === 2. Actual: result ===",
                                                "valueText": "#1: result === 2. Actual: result ==="
                                            },
                                            "operatorToken": {
                                                "kind": "PlusToken",
                                                "fullStart": 729,
                                                "fullEnd": 730,
                                                "start": 729,
                                                "end": 730,
                                                "fullWidth": 1,
                                                "width": 1,
                                                "text": "+",
                                                "value": "+",
                                                "valueText": "+"
                                            },
                                            "right": {
                                                "kind": "IdentifierName",
                                                "fullStart": 730,
                                                "fullEnd": 736,
                                                "start": 730,
                                                "end": 736,
                                                "fullWidth": 6,
                                                "width": 6,
                                                "text": "result",
                                                "value": "result",
                                                "valueText": "result"
                                            }
                                        }
                                    ],
                                    "closeParenToken": {
                                        "kind": "CloseParenToken",
                                        "fullStart": 736,
                                        "fullEnd": 737,
                                        "start": 736,
                                        "end": 737,
                                        "fullWidth": 1,
                                        "width": 1,
                                        "text": ")",
                                        "value": ")",
                                        "valueText": ")"
                                    }
                                }
                            },
                            "semicolonToken": {
                                "kind": "SemicolonToken",
                                "fullStart": 737,
                                "fullEnd": 739,
                                "start": 737,
                                "end": 738,
                                "fullWidth": 2,
                                "width": 1,
                                "text": ";",
                                "value": ";",
                                "valueText": ";",
                                "hasTrailingTrivia": true,
                                "hasTrailingNewLine": true,
                                "trailingTrivia": [
                                    {
                                        "kind": "NewLineTrivia",
                                        "fullStart": 738,
                                        "fullEnd": 739,
                                        "text": "\n"
                                    }
                                ]
                            }
                        }
                    ],
                    "closeBraceToken": {
                        "kind": "CloseBraceToken",
                        "fullStart": 739,
                        "fullEnd": 741,
                        "start": 739,
                        "end": 740,
                        "fullWidth": 2,
                        "width": 1,
                        "text": "}",
                        "value": "}",
                        "valueText": "}",
                        "hasTrailingTrivia": true,
                        "hasTrailingNewLine": true,
                        "trailingTrivia": [
                            {
                                "kind": "NewLineTrivia",
                                "fullStart": 740,
                                "fullEnd": 741,
                                "text": "\n"
                            }
                        ]
                    }
                }
            }
        ],
        "endOfFileToken": {
            "kind": "EndOfFileToken",
            "fullStart": 741,
            "fullEnd": 824,
            "start": 824,
            "end": 824,
            "fullWidth": 83,
            "width": 0,
            "text": "",
            "hasLeadingTrivia": true,
            "hasLeadingComment": true,
            "hasLeadingNewLine": true,
            "leadingTrivia": [
                {
                    "kind": "SingleLineCommentTrivia",
                    "fullStart": 741,
                    "fullEnd": 743,
                    "text": "//"
                },
                {
                    "kind": "NewLineTrivia",
                    "fullStart": 743,
                    "fullEnd": 744,
                    "text": "\n"
                },
                {
                    "kind": "SingleLineCommentTrivia",
                    "fullStart": 744,
                    "fullEnd": 822,
                    "text": "//////////////////////////////////////////////////////////////////////////////"
                },
                {
                    "kind": "NewLineTrivia",
                    "fullStart": 822,
                    "fullEnd": 823,
                    "text": "\n"
                },
                {
                    "kind": "NewLineTrivia",
                    "fullStart": 823,
                    "fullEnd": 824,
                    "text": "\n"
                }
            ]
        }
    },
    "lineMap": {
        "lineStarts": [
            0,
            61,
            132,
            133,
            137,
            194,
            197,
            234,
            346,
            350,
            351,
            362,
            363,
            382,
            383,
            396,
            398,
            408,
            417,
            446,
            456,
            478,
            488,
            505,
            523,
            530,
            536,
            538,
            539,
            553,
            554,
            573,
            574,
            653,
            663,
            683,
            739,
            741,
            744,
            823,
            824
        ],
        "length": 824
    }
}