{
    "isDeclaration": false,
    "languageVersion": "EcmaScript5",
    "sourceUnit": {
        "kind": "SourceUnit",
        "fullStart": 0,
        "fullEnd": 857,
        "start": 557,
        "end": 857,
        "fullWidth": 857,
        "width": 300,
        "moduleElements": [
            {
                "kind": "FunctionDeclaration",
                "fullStart": 0,
                "fullEnd": 833,
                "start": 557,
                "end": 831,
                "fullWidth": 833,
                "width": 274,
                "modifiers": [],
                "functionKeyword": {
                    "kind": "FunctionKeyword",
                    "fullStart": 0,
                    "fullEnd": 566,
                    "start": 557,
                    "end": 565,
                    "fullWidth": 566,
                    "width": 8,
                    "text": "function",
                    "value": "function",
                    "valueText": "function",
                    "hasLeadingTrivia": true,
                    "hasLeadingComment": true,
                    "hasLeadingNewLine": true,
                    "hasTrailingTrivia": true,
                    "leadingTrivia": [
                        {
                            "kind": "SingleLineCommentTrivia",
                            "fullStart": 0,
                            "fullEnd": 65,
                            "text": "/// Copyright (c) 2012 Ecma International.  All rights reserved. "
                        },
                        {
                            "kind": "NewLineTrivia",
                            "fullStart": 65,
                            "fullEnd": 67,
                            "text": "\r\n"
                        },
                        {
                            "kind": "SingleLineCommentTrivia",
                            "fullStart": 67,
                            "fullEnd": 150,
                            "text": "/// Ecma International makes this code available under the terms and conditions set"
                        },
                        {
                            "kind": "NewLineTrivia",
                            "fullStart": 150,
                            "fullEnd": 152,
                            "text": "\r\n"
                        },
                        {
                            "kind": "SingleLineCommentTrivia",
                            "fullStart": 152,
                            "fullEnd": 230,
                            "text": "/// forth on http://hg.ecmascript.org/tests/test262/raw-file/tip/LICENSE (the "
                        },
                        {
                            "kind": "NewLineTrivia",
                            "fullStart": 230,
                            "fullEnd": 232,
                            "text": "\r\n"
                        },
                        {
                            "kind": "SingleLineCommentTrivia",
                            "fullStart": 232,
                            "fullEnd": 306,
                            "text": "/// \"Use Terms\").   Any redistribution of this code must retain the above "
                        },
                        {
                            "kind": "NewLineTrivia",
                            "fullStart": 306,
                            "fullEnd": 308,
                            "text": "\r\n"
                        },
                        {
                            "kind": "SingleLineCommentTrivia",
                            "fullStart": 308,
                            "fullEnd": 378,
                            "text": "/// copyright and this notice and otherwise comply with the Use Terms."
                        },
                        {
                            "kind": "NewLineTrivia",
                            "fullStart": 378,
                            "fullEnd": 380,
                            "text": "\r\n"
                        },
                        {
                            "kind": "MultiLineCommentTrivia",
                            "fullStart": 380,
                            "fullEnd": 551,
                            "text": "/**\r\n * @path ch15/15.2/15.2.3/15.2.3.4/15.2.3.4-4-b-3.js\r\n * @description Object.getOwnPropertyNames - own property named empty('') is pushed into the returned array\r\n */"
                        },
                        {
                            "kind": "NewLineTrivia",
                            "fullStart": 551,
                            "fullEnd": 553,
                            "text": "\r\n"
                        },
                        {
                            "kind": "NewLineTrivia",
                            "fullStart": 553,
                            "fullEnd": 555,
                            "text": "\r\n"
                        },
                        {
                            "kind": "NewLineTrivia",
                            "fullStart": 555,
                            "fullEnd": 557,
                            "text": "\r\n"
                        }
                    ],
                    "trailingTrivia": [
                        {
                            "kind": "WhitespaceTrivia",
                            "fullStart": 565,
                            "fullEnd": 566,
                            "text": " "
                        }
                    ]
                },
                "identifier": {
                    "kind": "IdentifierName",
                    "fullStart": 566,
                    "fullEnd": 574,
                    "start": 566,
                    "end": 574,
                    "fullWidth": 8,
                    "width": 8,
                    "text": "testcase",
                    "value": "testcase",
                    "valueText": "testcase"
                },
                "callSignature": {
                    "kind": "CallSignature",
                    "fullStart": 574,
                    "fullEnd": 577,
                    "start": 574,
                    "end": 576,
                    "fullWidth": 3,
                    "width": 2,
                    "parameterList": {
                        "kind": "ParameterList",
                        "fullStart": 574,
                        "fullEnd": 577,
                        "start": 574,
                        "end": 576,
                        "fullWidth": 3,
                        "width": 2,
                        "openParenToken": {
                            "kind": "OpenParenToken",
                            "fullStart": 574,
                            "fullEnd": 575,
                            "start": 574,
                            "end": 575,
                            "fullWidth": 1,
                            "width": 1,
                            "text": "(",
                            "value": "(",
                            "valueText": "("
                        },
                        "parameters": [],
                        "closeParenToken": {
                            "kind": "CloseParenToken",
                            "fullStart": 575,
                            "fullEnd": 577,
                            "start": 575,
                            "end": 576,
                            "fullWidth": 2,
                            "width": 1,
                            "text": ")",
                            "value": ")",
                            "valueText": ")",
                            "hasTrailingTrivia": true,
                            "trailingTrivia": [
                                {
                                    "kind": "WhitespaceTrivia",
                                    "fullStart": 576,
                                    "fullEnd": 577,
                                    "text": " "
                                }
                            ]
                        }
                    }
                },
                "block": {
                    "kind": "Block",
                    "fullStart": 577,
                    "fullEnd": 833,
                    "start": 577,
                    "end": 831,
                    "fullWidth": 256,
                    "width": 254,
                    "openBraceToken": {
                        "kind": "OpenBraceToken",
                        "fullStart": 577,
                        "fullEnd": 580,
                        "start": 577,
                        "end": 578,
                        "fullWidth": 3,
                        "width": 1,
                        "text": "{",
                        "value": "{",
                        "valueText": "{",
                        "hasTrailingTrivia": true,
                        "hasTrailingNewLine": true,
                        "trailingTrivia": [
                            {
                                "kind": "NewLineTrivia",
                                "fullStart": 578,
                                "fullEnd": 580,
                                "text": "\r\n"
                            }
                        ]
                    },
                    "statements": [
                        {
                            "kind": "VariableStatement",
                            "fullStart": 580,
                            "fullEnd": 616,
                            "start": 588,
                            "end": 614,
                            "fullWidth": 36,
                            "width": 26,
                            "modifiers": [],
                            "variableDeclaration": {
                                "kind": "VariableDeclaration",
                                "fullStart": 580,
                                "fullEnd": 613,
                                "start": 588,
                                "end": 613,
                                "fullWidth": 33,
                                "width": 25,
                                "varKeyword": {
                                    "kind": "VarKeyword",
                                    "fullStart": 580,
                                    "fullEnd": 592,
                                    "start": 588,
                                    "end": 591,
                                    "fullWidth": 12,
                                    "width": 3,
                                    "text": "var",
                                    "value": "var",
                                    "valueText": "var",
                                    "hasLeadingTrivia": true,
                                    "hasTrailingTrivia": true,
                                    "leadingTrivia": [
                                        {
                                            "kind": "WhitespaceTrivia",
                                            "fullStart": 580,
                                            "fullEnd": 588,
                                            "text": "        "
                                        }
                                    ],
                                    "trailingTrivia": [
                                        {
                                            "kind": "WhitespaceTrivia",
                                            "fullStart": 591,
                                            "fullEnd": 592,
                                            "text": " "
                                        }
                                    ]
                                },
                                "variableDeclarators": [
                                    {
                                        "kind": "VariableDeclarator",
                                        "fullStart": 592,
                                        "fullEnd": 613,
                                        "start": 592,
                                        "end": 613,
                                        "fullWidth": 21,
                                        "width": 21,
                                        "propertyName": {
                                            "kind": "IdentifierName",
                                            "fullStart": 592,
                                            "fullEnd": 596,
                                            "start": 592,
                                            "end": 595,
                                            "fullWidth": 4,
                                            "width": 3,
                                            "text": "obj",
                                            "value": "obj",
                                            "valueText": "obj",
                                            "hasTrailingTrivia": true,
                                            "trailingTrivia": [
                                                {
                                                    "kind": "WhitespaceTrivia",
                                                    "fullStart": 595,
                                                    "fullEnd": 596,
                                                    "text": " "
                                                }
                                            ]
                                        },
                                        "equalsValueClause": {
                                            "kind": "EqualsValueClause",
                                            "fullStart": 596,
                                            "fullEnd": 613,
                                            "start": 596,
                                            "end": 613,
                                            "fullWidth": 17,
                                            "width": 17,
                                            "equalsToken": {
                                                "kind": "EqualsToken",
                                                "fullStart": 596,
                                                "fullEnd": 598,
                                                "start": 596,
                                                "end": 597,
                                                "fullWidth": 2,
                                                "width": 1,
                                                "text": "=",
                                                "value": "=",
                                                "valueText": "=",
                                                "hasTrailingTrivia": true,
                                                "trailingTrivia": [
                                                    {
                                                        "kind": "WhitespaceTrivia",
                                                        "fullStart": 597,
                                                        "fullEnd": 598,
                                                        "text": " "
                                                    }
                                                ]
                                            },
                                            "value": {
                                                "kind": "ObjectLiteralExpression",
                                                "fullStart": 598,
                                                "fullEnd": 613,
                                                "start": 598,
                                                "end": 613,
                                                "fullWidth": 15,
                                                "width": 15,
                                                "openBraceToken": {
                                                    "kind": "OpenBraceToken",
                                                    "fullStart": 598,
                                                    "fullEnd": 600,
                                                    "start": 598,
                                                    "end": 599,
                                                    "fullWidth": 2,
                                                    "width": 1,
                                                    "text": "{",
                                                    "value": "{",
                                                    "valueText": "{",
                                                    "hasTrailingTrivia": true,
                                                    "trailingTrivia": [
                                                        {
                                                            "kind": "WhitespaceTrivia",
                                                            "fullStart": 599,
                                                            "fullEnd": 600,
                                                            "text": " "
                                                        }
                                                    ]
                                                },
                                                "propertyAssignments": [
                                                    {
                                                        "kind": "SimplePropertyAssignment",
                                                        "fullStart": 600,
                                                        "fullEnd": 612,
                                                        "start": 600,
                                                        "end": 611,
                                                        "fullWidth": 12,
                                                        "width": 11,
                                                        "propertyName": {
                                                            "kind": "StringLiteral",
                                                            "fullStart": 600,
                                                            "fullEnd": 602,
                                                            "start": 600,
                                                            "end": 602,
                                                            "fullWidth": 2,
                                                            "width": 2,
                                                            "text": "\"\"",
                                                            "value": "",
                                                            "valueText": ""
                                                        },
                                                        "colonToken": {
                                                            "kind": "ColonToken",
                                                            "fullStart": 602,
                                                            "fullEnd": 604,
                                                            "start": 602,
                                                            "end": 603,
                                                            "fullWidth": 2,
                                                            "width": 1,
                                                            "text": ":",
                                                            "value": ":",
                                                            "valueText": ":",
                                                            "hasTrailingTrivia": true,
                                                            "trailingTrivia": [
                                                                {
                                                                    "kind": "WhitespaceTrivia",
                                                                    "fullStart": 603,
                                                                    "fullEnd": 604,
                                                                    "text": " "
                                                                }
                                                            ]
                                                        },
                                                        "expression": {
                                                            "kind": "StringLiteral",
                                                            "fullStart": 604,
                                                            "fullEnd": 612,
                                                            "start": 604,
                                                            "end": 611,
                                                            "fullWidth": 8,
                                                            "width": 7,
                                                            "text": "\"empty\"",
                                                            "value": "empty",
                                                            "valueText": "empty",
                                                            "hasTrailingTrivia": true,
                                                            "trailingTrivia": [
                                                                {
                                                                    "kind": "WhitespaceTrivia",
                                                                    "fullStart": 611,
                                                                    "fullEnd": 612,
                                                                    "text": " "
                                                                }
                                                            ]
                                                        }
                                                    }
                                                ],
                                                "closeBraceToken": {
                                                    "kind": "CloseBraceToken",
                                                    "fullStart": 612,
                                                    "fullEnd": 613,
                                                    "start": 612,
                                                    "end": 613,
                                                    "fullWidth": 1,
                                                    "width": 1,
                                                    "text": "}",
                                                    "value": "}",
                                                    "valueText": "}"
                                                }
                                            }
                                        }
                                    }
                                ]
                            },
                            "semicolonToken": {
                                "kind": "SemicolonToken",
                                "fullStart": 613,
                                "fullEnd": 616,
                                "start": 613,
                                "end": 614,
                                "fullWidth": 3,
                                "width": 1,
                                "text": ";",
                                "value": ";",
                                "valueText": ";",
                                "hasTrailingTrivia": true,
                                "hasTrailingNewLine": true,
                                "trailingTrivia": [
                                    {
                                        "kind": "NewLineTrivia",
                                        "fullStart": 614,
                                        "fullEnd": 616,
                                        "text": "\r\n"
                                    }
                                ]
                            }
                        },
                        {
                            "kind": "VariableStatement",
                            "fullStart": 616,
                            "fullEnd": 673,
                            "start": 626,
                            "end": 671,
                            "fullWidth": 57,
                            "width": 45,
                            "modifiers": [],
                            "variableDeclaration": {
                                "kind": "VariableDeclaration",
                                "fullStart": 616,
                                "fullEnd": 670,
                                "start": 626,
                                "end": 670,
                                "fullWidth": 54,
                                "width": 44,
                                "varKeyword": {
                                    "kind": "VarKeyword",
                                    "fullStart": 616,
                                    "fullEnd": 630,
                                    "start": 626,
                                    "end": 629,
                                    "fullWidth": 14,
                                    "width": 3,
                                    "text": "var",
                                    "value": "var",
                                    "valueText": "var",
                                    "hasLeadingTrivia": true,
                                    "hasLeadingNewLine": true,
                                    "hasTrailingTrivia": true,
                                    "leadingTrivia": [
                                        {
                                            "kind": "NewLineTrivia",
                                            "fullStart": 616,
                                            "fullEnd": 618,
                                            "text": "\r\n"
                                        },
                                        {
                                            "kind": "WhitespaceTrivia",
                                            "fullStart": 618,
                                            "fullEnd": 626,
                                            "text": "        "
                                        }
                                    ],
                                    "trailingTrivia": [
                                        {
                                            "kind": "WhitespaceTrivia",
                                            "fullStart": 629,
                                            "fullEnd": 630,
                                            "text": " "
                                        }
                                    ]
                                },
                                "variableDeclarators": [
                                    {
                                        "kind": "VariableDeclarator",
                                        "fullStart": 630,
                                        "fullEnd": 670,
                                        "start": 630,
                                        "end": 670,
                                        "fullWidth": 40,
                                        "width": 40,
                                        "propertyName": {
                                            "kind": "IdentifierName",
                                            "fullStart": 630,
                                            "fullEnd": 637,
                                            "start": 630,
                                            "end": 636,
                                            "fullWidth": 7,
                                            "width": 6,
                                            "text": "result",
                                            "value": "result",
                                            "valueText": "result",
                                            "hasTrailingTrivia": true,
                                            "trailingTrivia": [
                                                {
                                                    "kind": "WhitespaceTrivia",
                                                    "fullStart": 636,
                                                    "fullEnd": 637,
                                                    "text": " "
                                                }
                                            ]
                                        },
                                        "equalsValueClause": {
                                            "kind": "EqualsValueClause",
                                            "fullStart": 637,
                                            "fullEnd": 670,
                                            "start": 637,
                                            "end": 670,
                                            "fullWidth": 33,
                                            "width": 33,
                                            "equalsToken": {
                                                "kind": "EqualsToken",
                                                "fullStart": 637,
                                                "fullEnd": 639,
                                                "start": 637,
                                                "end": 638,
                                                "fullWidth": 2,
                                                "width": 1,
                                                "text": "=",
                                                "value": "=",
                                                "valueText": "=",
                                                "hasTrailingTrivia": true,
                                                "trailingTrivia": [
                                                    {
                                                        "kind": "WhitespaceTrivia",
                                                        "fullStart": 638,
                                                        "fullEnd": 639,
                                                        "text": " "
                                                    }
                                                ]
                                            },
                                            "value": {
                                                "kind": "InvocationExpression",
                                                "fullStart": 639,
                                                "fullEnd": 670,
                                                "start": 639,
                                                "end": 670,
                                                "fullWidth": 31,
                                                "width": 31,
                                                "expression": {
                                                    "kind": "MemberAccessExpression",
                                                    "fullStart": 639,
                                                    "fullEnd": 665,
                                                    "start": 639,
                                                    "end": 665,
                                                    "fullWidth": 26,
                                                    "width": 26,
                                                    "expression": {
                                                        "kind": "IdentifierName",
                                                        "fullStart": 639,
                                                        "fullEnd": 645,
                                                        "start": 639,
                                                        "end": 645,
                                                        "fullWidth": 6,
                                                        "width": 6,
                                                        "text": "Object",
                                                        "value": "Object",
                                                        "valueText": "Object"
                                                    },
                                                    "dotToken": {
                                                        "kind": "DotToken",
                                                        "fullStart": 645,
                                                        "fullEnd": 646,
                                                        "start": 645,
                                                        "end": 646,
                                                        "fullWidth": 1,
                                                        "width": 1,
                                                        "text": ".",
                                                        "value": ".",
                                                        "valueText": "."
                                                    },
                                                    "name": {
                                                        "kind": "IdentifierName",
                                                        "fullStart": 646,
                                                        "fullEnd": 665,
                                                        "start": 646,
                                                        "end": 665,
                                                        "fullWidth": 19,
                                                        "width": 19,
                                                        "text": "getOwnPropertyNames",
                                                        "value": "getOwnPropertyNames",
                                                        "valueText": "getOwnPropertyNames"
                                                    }
                                                },
                                                "argumentList": {
                                                    "kind": "ArgumentList",
                                                    "fullStart": 665,
                                                    "fullEnd": 670,
                                                    "start": 665,
                                                    "end": 670,
                                                    "fullWidth": 5,
                                                    "width": 5,
                                                    "openParenToken": {
                                                        "kind": "OpenParenToken",
                                                        "fullStart": 665,
                                                        "fullEnd": 666,
                                                        "start": 665,
                                                        "end": 666,
                                                        "fullWidth": 1,
                                                        "width": 1,
                                                        "text": "(",
                                                        "value": "(",
                                                        "valueText": "("
                                                    },
                                                    "arguments": [
                                                        {
                                                            "kind": "IdentifierName",
                                                            "fullStart": 666,
                                                            "fullEnd": 669,
                                                            "start": 666,
                                                            "end": 669,
                                                            "fullWidth": 3,
                                                            "width": 3,
                                                            "text": "obj",
                                                            "value": "obj",
                                                            "valueText": "obj"
                                                        }
                                                    ],
                                                    "closeParenToken": {
                                                        "kind": "CloseParenToken",
                                                        "fullStart": 669,
                                                        "fullEnd": 670,
                                                        "start": 669,
                                                        "end": 670,
                                                        "fullWidth": 1,
                                                        "width": 1,
                                                        "text": ")",
                                                        "value": ")",
                                                        "valueText": ")"
                                                    }
                                                }
                                            }
                                        }
                                    }
                                ]
                            },
                            "semicolonToken": {
                                "kind": "SemicolonToken",
                                "fullStart": 670,
                                "fullEnd": 673,
                                "start": 670,
                                "end": 671,
                                "fullWidth": 3,
                                "width": 1,
                                "text": ";",
                                "value": ";",
                                "valueText": ";",
                                "hasTrailingTrivia": true,
                                "hasTrailingNewLine": true,
                                "trailingTrivia": [
                                    {
                                        "kind": "NewLineTrivia",
                                        "fullStart": 671,
                                        "fullEnd": 673,
                                        "text": "\r\n"
                                    }
                                ]
                            }
                        },
                        {
                            "kind": "ForInStatement",
                            "fullStart": 673,
                            "fullEnd": 801,
                            "start": 683,
                            "end": 799,
                            "fullWidth": 128,
                            "width": 116,
                            "forKeyword": {
                                "kind": "ForKeyword",
                                "fullStart": 673,
                                "fullEnd": 687,
                                "start": 683,
                                "end": 686,
                                "fullWidth": 14,
                                "width": 3,
                                "text": "for",
                                "value": "for",
                                "valueText": "for",
                                "hasLeadingTrivia": true,
                                "hasLeadingNewLine": true,
                                "hasTrailingTrivia": true,
                                "leadingTrivia": [
                                    {
                                        "kind": "NewLineTrivia",
                                        "fullStart": 673,
                                        "fullEnd": 675,
                                        "text": "\r\n"
                                    },
                                    {
                                        "kind": "WhitespaceTrivia",
                                        "fullStart": 675,
                                        "fullEnd": 683,
                                        "text": "        "
                                    }
                                ],
                                "trailingTrivia": [
                                    {
                                        "kind": "WhitespaceTrivia",
                                        "fullStart": 686,
                                        "fullEnd": 687,
                                        "text": " "
                                    }
                                ]
                            },
                            "openParenToken": {
                                "kind": "OpenParenToken",
                                "fullStart": 687,
                                "fullEnd": 688,
                                "start": 687,
                                "end": 688,
                                "fullWidth": 1,
                                "width": 1,
                                "text": "(",
                                "value": "(",
                                "valueText": "("
                            },
                            "variableDeclaration": {
                                "kind": "VariableDeclaration",
                                "fullStart": 688,
                                "fullEnd": 694,
                                "start": 688,
                                "end": 693,
                                "fullWidth": 6,
                                "width": 5,
                                "varKeyword": {
                                    "kind": "VarKeyword",
                                    "fullStart": 688,
                                    "fullEnd": 692,
                                    "start": 688,
                                    "end": 691,
                                    "fullWidth": 4,
                                    "width": 3,
                                    "text": "var",
                                    "value": "var",
                                    "valueText": "var",
                                    "hasTrailingTrivia": true,
                                    "trailingTrivia": [
                                        {
                                            "kind": "WhitespaceTrivia",
                                            "fullStart": 691,
                                            "fullEnd": 692,
                                            "text": " "
                                        }
                                    ]
                                },
                                "variableDeclarators": [
                                    {
                                        "kind": "VariableDeclarator",
                                        "fullStart": 692,
                                        "fullEnd": 694,
                                        "start": 692,
                                        "end": 693,
                                        "fullWidth": 2,
                                        "width": 1,
                                        "propertyName": {
                                            "kind": "IdentifierName",
                                            "fullStart": 692,
                                            "fullEnd": 694,
                                            "start": 692,
                                            "end": 693,
                                            "fullWidth": 2,
                                            "width": 1,
                                            "text": "p",
                                            "value": "p",
                                            "valueText": "p",
                                            "hasTrailingTrivia": true,
                                            "trailingTrivia": [
                                                {
                                                    "kind": "WhitespaceTrivia",
                                                    "fullStart": 693,
                                                    "fullEnd": 694,
                                                    "text": " "
                                                }
                                            ]
                                        }
                                    }
                                ]
                            },
                            "inKeyword": {
                                "kind": "InKeyword",
                                "fullStart": 694,
                                "fullEnd": 697,
                                "start": 694,
                                "end": 696,
                                "fullWidth": 3,
                                "width": 2,
                                "text": "in",
                                "value": "in",
                                "valueText": "in",
                                "hasTrailingTrivia": true,
                                "trailingTrivia": [
                                    {
                                        "kind": "WhitespaceTrivia",
                                        "fullStart": 696,
                                        "fullEnd": 697,
                                        "text": " "
                                    }
                                ]
                            },
                            "expression": {
                                "kind": "IdentifierName",
                                "fullStart": 697,
                                "fullEnd": 703,
                                "start": 697,
                                "end": 703,
                                "fullWidth": 6,
                                "width": 6,
                                "text": "result",
                                "value": "result",
                                "valueText": "result"
                            },
                            "closeParenToken": {
                                "kind": "CloseParenToken",
                                "fullStart": 703,
                                "fullEnd": 705,
                                "start": 703,
                                "end": 704,
                                "fullWidth": 2,
                                "width": 1,
                                "text": ")",
                                "value": ")",
                                "valueText": ")",
                                "hasTrailingTrivia": true,
                                "trailingTrivia": [
                                    {
                                        "kind": "WhitespaceTrivia",
                                        "fullStart": 704,
                                        "fullEnd": 705,
                                        "text": " "
                                    }
                                ]
                            },
                            "statement": {
                                "kind": "Block",
                                "fullStart": 705,
                                "fullEnd": 801,
                                "start": 705,
                                "end": 799,
                                "fullWidth": 96,
                                "width": 94,
                                "openBraceToken": {
                                    "kind": "OpenBraceToken",
                                    "fullStart": 705,
                                    "fullEnd": 708,
                                    "start": 705,
                                    "end": 706,
                                    "fullWidth": 3,
                                    "width": 1,
                                    "text": "{",
                                    "value": "{",
                                    "valueText": "{",
                                    "hasTrailingTrivia": true,
                                    "hasTrailingNewLine": true,
                                    "trailingTrivia": [
                                        {
                                            "kind": "NewLineTrivia",
                                            "fullStart": 706,
                                            "fullEnd": 708,
                                            "text": "\r\n"
                                        }
                                    ]
                                },
                                "statements": [
                                    {
                                        "kind": "IfStatement",
                                        "fullStart": 708,
                                        "fullEnd": 790,
                                        "start": 720,
                                        "end": 788,
                                        "fullWidth": 82,
                                        "width": 68,
                                        "ifKeyword": {
                                            "kind": "IfKeyword",
                                            "fullStart": 708,
                                            "fullEnd": 723,
                                            "start": 720,
                                            "end": 722,
                                            "fullWidth": 15,
                                            "width": 2,
                                            "text": "if",
                                            "value": "if",
                                            "valueText": "if",
                                            "hasLeadingTrivia": true,
                                            "hasTrailingTrivia": true,
                                            "leadingTrivia": [
                                                {
                                                    "kind": "WhitespaceTrivia",
                                                    "fullStart": 708,
                                                    "fullEnd": 720,
                                                    "text": "            "
                                                }
                                            ],
                                            "trailingTrivia": [
                                                {
                                                    "kind": "WhitespaceTrivia",
                                                    "fullStart": 722,
                                                    "fullEnd": 723,
                                                    "text": " "
                                                }
                                            ]
                                        },
                                        "openParenToken": {
                                            "kind": "OpenParenToken",
                                            "fullStart": 723,
                                            "fullEnd": 724,
                                            "start": 723,
                                            "end": 724,
                                            "fullWidth": 1,
                                            "width": 1,
                                            "text": "(",
                                            "value": "(",
                                            "valueText": "("
                                        },
                                        "condition": {
                                            "kind": "EqualsExpression",
                                            "fullStart": 724,
                                            "fullEnd": 740,
                                            "start": 724,
                                            "end": 740,
                                            "fullWidth": 16,
                                            "width": 16,
                                            "left": {
                                                "kind": "ElementAccessExpression",
                                                "fullStart": 724,
                                                "fullEnd": 734,
                                                "start": 724,
                                                "end": 733,
                                                "fullWidth": 10,
                                                "width": 9,
                                                "expression": {
                                                    "kind": "IdentifierName",
                                                    "fullStart": 724,
                                                    "fullEnd": 730,
                                                    "start": 724,
                                                    "end": 730,
                                                    "fullWidth": 6,
                                                    "width": 6,
                                                    "text": "result",
                                                    "value": "result",
                                                    "valueText": "result"
                                                },
                                                "openBracketToken": {
                                                    "kind": "OpenBracketToken",
                                                    "fullStart": 730,
                                                    "fullEnd": 731,
                                                    "start": 730,
                                                    "end": 731,
                                                    "fullWidth": 1,
                                                    "width": 1,
                                                    "text": "[",
                                                    "value": "[",
                                                    "valueText": "["
                                                },
                                                "argumentExpression": {
                                                    "kind": "IdentifierName",
                                                    "fullStart": 731,
                                                    "fullEnd": 732,
                                                    "start": 731,
                                                    "end": 732,
                                                    "fullWidth": 1,
                                                    "width": 1,
                                                    "text": "p",
                                                    "value": "p",
                                                    "valueText": "p"
                                                },
                                                "closeBracketToken": {
                                                    "kind": "CloseBracketToken",
                                                    "fullStart": 732,
                                                    "fullEnd": 734,
                                                    "start": 732,
                                                    "end": 733,
                                                    "fullWidth": 2,
                                                    "width": 1,
                                                    "text": "]",
                                                    "value": "]",
                                                    "valueText": "]",
                                                    "hasTrailingTrivia": true,
                                                    "trailingTrivia": [
                                                        {
                                                            "kind": "WhitespaceTrivia",
                                                            "fullStart": 733,
                                                            "fullEnd": 734,
                                                            "text": " "
                                                        }
                                                    ]
                                                }
                                            },
                                            "operatorToken": {
                                                "kind": "EqualsEqualsEqualsToken",
                                                "fullStart": 734,
                                                "fullEnd": 738,
                                                "start": 734,
                                                "end": 737,
                                                "fullWidth": 4,
                                                "width": 3,
                                                "text": "===",
                                                "value": "===",
                                                "valueText": "===",
                                                "hasTrailingTrivia": true,
                                                "trailingTrivia": [
                                                    {
                                                        "kind": "WhitespaceTrivia",
                                                        "fullStart": 737,
                                                        "fullEnd": 738,
                                                        "text": " "
                                                    }
                                                ]
                                            },
                                            "right": {
                                                "kind": "StringLiteral",
                                                "fullStart": 738,
                                                "fullEnd": 740,
                                                "start": 738,
                                                "end": 740,
                                                "fullWidth": 2,
                                                "width": 2,
                                                "text": "\"\"",
                                                "value": "",
                                                "valueText": ""
                                            }
                                        },
                                        "closeParenToken": {
                                            "kind": "CloseParenToken",
                                            "fullStart": 740,
                                            "fullEnd": 742,
                                            "start": 740,
                                            "end": 741,
                                            "fullWidth": 2,
                                            "width": 1,
                                            "text": ")",
                                            "value": ")",
                                            "valueText": ")",
                                            "hasTrailingTrivia": true,
                                            "trailingTrivia": [
                                                {
                                                    "kind": "WhitespaceTrivia",
                                                    "fullStart": 741,
                                                    "fullEnd": 742,
                                                    "text": " "
                                                }
                                            ]
                                        },
                                        "statement": {
                                            "kind": "Block",
                                            "fullStart": 742,
                                            "fullEnd": 790,
                                            "start": 742,
                                            "end": 788,
                                            "fullWidth": 48,
                                            "width": 46,
                                            "openBraceToken": {
                                                "kind": "OpenBraceToken",
                                                "fullStart": 742,
                                                "fullEnd": 745,
                                                "start": 742,
                                                "end": 743,
                                                "fullWidth": 3,
                                                "width": 1,
                                                "text": "{",
                                                "value": "{",
                                                "valueText": "{",
                                                "hasTrailingTrivia": true,
                                                "hasTrailingNewLine": true,
                                                "trailingTrivia": [
                                                    {
                                                        "kind": "NewLineTrivia",
                                                        "fullStart": 743,
                                                        "fullEnd": 745,
                                                        "text": "\r\n"
                                                    }
                                                ]
                                            },
                                            "statements": [
                                                {
                                                    "kind": "ReturnStatement",
                                                    "fullStart": 745,
                                                    "fullEnd": 775,
                                                    "start": 761,
                                                    "end": 773,
                                                    "fullWidth": 30,
                                                    "width": 12,
                                                    "returnKeyword": {
                                                        "kind": "ReturnKeyword",
                                                        "fullStart": 745,
                                                        "fullEnd": 768,
                                                        "start": 761,
                                                        "end": 767,
                                                        "fullWidth": 23,
                                                        "width": 6,
                                                        "text": "return",
                                                        "value": "return",
                                                        "valueText": "return",
                                                        "hasLeadingTrivia": true,
                                                        "hasTrailingTrivia": true,
                                                        "leadingTrivia": [
                                                            {
                                                                "kind": "WhitespaceTrivia",
                                                                "fullStart": 745,
                                                                "fullEnd": 761,
                                                                "text": "                "
                                                            }
                                                        ],
                                                        "trailingTrivia": [
                                                            {
                                                                "kind": "WhitespaceTrivia",
                                                                "fullStart": 767,
                                                                "fullEnd": 768,
                                                                "text": " "
                                                            }
                                                        ]
                                                    },
                                                    "expression": {
                                                        "kind": "TrueKeyword",
                                                        "fullStart": 768,
                                                        "fullEnd": 772,
                                                        "start": 768,
                                                        "end": 772,
                                                        "fullWidth": 4,
                                                        "width": 4,
                                                        "text": "true",
                                                        "value": true,
                                                        "valueText": "true"
                                                    },
                                                    "semicolonToken": {
                                                        "kind": "SemicolonToken",
                                                        "fullStart": 772,
                                                        "fullEnd": 775,
                                                        "start": 772,
                                                        "end": 773,
                                                        "fullWidth": 3,
                                                        "width": 1,
                                                        "text": ";",
                                                        "value": ";",
                                                        "valueText": ";",
                                                        "hasTrailingTrivia": true,
                                                        "hasTrailingNewLine": true,
                                                        "trailingTrivia": [
                                                            {
                                                                "kind": "NewLineTrivia",
                                                                "fullStart": 773,
                                                                "fullEnd": 775,
                                                                "text": "\r\n"
                                                            }
                                                        ]
                                                    }
                                                }
                                            ],
                                            "closeBraceToken": {
                                                "kind": "CloseBraceToken",
                                                "fullStart": 775,
                                                "fullEnd": 790,
                                                "start": 787,
                                                "end": 788,
                                                "fullWidth": 15,
                                                "width": 1,
                                                "text": "}",
                                                "value": "}",
                                                "valueText": "}",
                                                "hasLeadingTrivia": true,
                                                "hasTrailingTrivia": true,
                                                "hasTrailingNewLine": true,
                                                "leadingTrivia": [
                                                    {
                                                        "kind": "WhitespaceTrivia",
                                                        "fullStart": 775,
                                                        "fullEnd": 787,
                                                        "text": "            "
                                                    }
                                                ],
                                                "trailingTrivia": [
                                                    {
                                                        "kind": "NewLineTrivia",
                                                        "fullStart": 788,
                                                        "fullEnd": 790,
                                                        "text": "\r\n"
                                                    }
                                                ]
                                            }
                                        }
                                    }
                                ],
                                "closeBraceToken": {
                                    "kind": "CloseBraceToken",
                                    "fullStart": 790,
                                    "fullEnd": 801,
                                    "start": 798,
                                    "end": 799,
                                    "fullWidth": 11,
                                    "width": 1,
                                    "text": "}",
                                    "value": "}",
                                    "valueText": "}",
                                    "hasLeadingTrivia": true,
                                    "hasTrailingTrivia": true,
                                    "hasTrailingNewLine": true,
                                    "leadingTrivia": [
                                        {
                                            "kind": "WhitespaceTrivia",
                                            "fullStart": 790,
                                            "fullEnd": 798,
                                            "text": "        "
                                        }
                                    ],
                                    "trailingTrivia": [
                                        {
                                            "kind": "NewLineTrivia",
                                            "fullStart": 799,
                                            "fullEnd": 801,
                                            "text": "\r\n"
                                        }
                                    ]
                                }
                            }
                        },
                        {
                            "kind": "ReturnStatement",
                            "fullStart": 801,
                            "fullEnd": 826,
                            "start": 811,
                            "end": 824,
                            "fullWidth": 25,
                            "width": 13,
                            "returnKeyword": {
                                "kind": "ReturnKeyword",
                                "fullStart": 801,
                                "fullEnd": 818,
                                "start": 811,
                                "end": 817,
                                "fullWidth": 17,
                                "width": 6,
                                "text": "return",
                                "value": "return",
                                "valueText": "return",
                                "hasLeadingTrivia": true,
                                "hasLeadingNewLine": true,
                                "hasTrailingTrivia": true,
                                "leadingTrivia": [
                                    {
                                        "kind": "NewLineTrivia",
                                        "fullStart": 801,
                                        "fullEnd": 803,
                                        "text": "\r\n"
                                    },
                                    {
                                        "kind": "WhitespaceTrivia",
                                        "fullStart": 803,
                                        "fullEnd": 811,
                                        "text": "        "
                                    }
                                ],
                                "trailingTrivia": [
                                    {
                                        "kind": "WhitespaceTrivia",
                                        "fullStart": 817,
                                        "fullEnd": 818,
                                        "text": " "
                                    }
                                ]
                            },
                            "expression": {
                                "kind": "FalseKeyword",
                                "fullStart": 818,
                                "fullEnd": 823,
                                "start": 818,
                                "end": 823,
                                "fullWidth": 5,
                                "width": 5,
                                "text": "false",
                                "value": false,
                                "valueText": "false"
                            },
                            "semicolonToken": {
                                "kind": "SemicolonToken",
                                "fullStart": 823,
                                "fullEnd": 826,
                                "start": 823,
                                "end": 824,
                                "fullWidth": 3,
                                "width": 1,
                                "text": ";",
                                "value": ";",
                                "valueText": ";",
                                "hasTrailingTrivia": true,
                                "hasTrailingNewLine": true,
                                "trailingTrivia": [
                                    {
                                        "kind": "NewLineTrivia",
                                        "fullStart": 824,
                                        "fullEnd": 826,
                                        "text": "\r\n"
                                    }
                                ]
                            }
                        }
                    ],
                    "closeBraceToken": {
                        "kind": "CloseBraceToken",
                        "fullStart": 826,
                        "fullEnd": 833,
                        "start": 830,
                        "end": 831,
                        "fullWidth": 7,
                        "width": 1,
                        "text": "}",
                        "value": "}",
                        "valueText": "}",
                        "hasLeadingTrivia": true,
                        "hasTrailingTrivia": true,
                        "hasTrailingNewLine": true,
                        "leadingTrivia": [
                            {
                                "kind": "WhitespaceTrivia",
                                "fullStart": 826,
                                "fullEnd": 830,
                                "text": "    "
                            }
                        ],
                        "trailingTrivia": [
                            {
                                "kind": "NewLineTrivia",
                                "fullStart": 831,
                                "fullEnd": 833,
                                "text": "\r\n"
                            }
                        ]
                    }
                }
            },
            {
                "kind": "ExpressionStatement",
                "fullStart": 833,
                "fullEnd": 857,
                "start": 833,
                "end": 855,
                "fullWidth": 24,
                "width": 22,
                "expression": {
                    "kind": "InvocationExpression",
                    "fullStart": 833,
                    "fullEnd": 854,
                    "start": 833,
                    "end": 854,
                    "fullWidth": 21,
                    "width": 21,
                    "expression": {
                        "kind": "IdentifierName",
                        "fullStart": 833,
                        "fullEnd": 844,
                        "start": 833,
                        "end": 844,
                        "fullWidth": 11,
                        "width": 11,
                        "text": "runTestCase",
                        "value": "runTestCase",
                        "valueText": "runTestCase"
                    },
                    "argumentList": {
                        "kind": "ArgumentList",
                        "fullStart": 844,
                        "fullEnd": 854,
                        "start": 844,
                        "end": 854,
                        "fullWidth": 10,
                        "width": 10,
                        "openParenToken": {
                            "kind": "OpenParenToken",
                            "fullStart": 844,
                            "fullEnd": 845,
                            "start": 844,
                            "end": 845,
                            "fullWidth": 1,
                            "width": 1,
                            "text": "(",
                            "value": "(",
                            "valueText": "("
                        },
                        "arguments": [
                            {
                                "kind": "IdentifierName",
                                "fullStart": 845,
                                "fullEnd": 853,
                                "start": 845,
                                "end": 853,
                                "fullWidth": 8,
                                "width": 8,
                                "text": "testcase",
                                "value": "testcase",
                                "valueText": "testcase"
                            }
                        ],
                        "closeParenToken": {
                            "kind": "CloseParenToken",
                            "fullStart": 853,
                            "fullEnd": 854,
                            "start": 853,
                            "end": 854,
                            "fullWidth": 1,
                            "width": 1,
                            "text": ")",
                            "value": ")",
                            "valueText": ")"
                        }
                    }
                },
                "semicolonToken": {
                    "kind": "SemicolonToken",
                    "fullStart": 854,
                    "fullEnd": 857,
                    "start": 854,
                    "end": 855,
                    "fullWidth": 3,
                    "width": 1,
                    "text": ";",
                    "value": ";",
                    "valueText": ";",
                    "hasTrailingTrivia": true,
                    "hasTrailingNewLine": true,
                    "trailingTrivia": [
                        {
                            "kind": "NewLineTrivia",
                            "fullStart": 855,
                            "fullEnd": 857,
                            "text": "\r\n"
                        }
                    ]
                }
            }
        ],
        "endOfFileToken": {
            "kind": "EndOfFileToken",
            "fullStart": 857,
            "fullEnd": 857,
            "start": 857,
            "end": 857,
            "fullWidth": 0,
            "width": 0,
            "text": ""
        }
    },
    "lineMap": {
        "lineStarts": [
            0,
            67,
            152,
            232,
            308,
            380,
            385,
            439,
            548,
            553,
            555,
            557,
            580,
            616,
            618,
            673,
            675,
            708,
            745,
            775,
            790,
            801,
            803,
            826,
            833,
            857
        ],
        "length": 857
    }
}