{
    "isDeclaration": false,
    "languageVersion": "EcmaScript5",
    "sourceUnit": {
        "kind": "SourceUnit",
        "fullStart": 0,
        "fullEnd": 634,
        "start": 431,
        "end": 634,
        "fullWidth": 634,
        "width": 203,
        "moduleElements": [
            {
                "kind": "ExpressionStatement",
                "fullStart": 0,
                "fullEnd": 488,
                "start": 431,
                "end": 487,
                "fullWidth": 488,
                "width": 56,
                "expression": {
                    "kind": "InvocationExpression",
                    "fullStart": 0,
                    "fullEnd": 486,
                    "start": 431,
                    "end": 486,
                    "fullWidth": 486,
                    "width": 55,
                    "expression": {
                        "kind": "MemberAccessExpression",
                        "fullStart": 0,
                        "fullEnd": 476,
                        "start": 431,
                        "end": 476,
                        "fullWidth": 476,
                        "width": 45,
                        "expression": {
                            "kind": "InvocationExpression",
                            "fullStart": 0,
                            "fullEnd": 470,
                            "start": 431,
                            "end": 470,
                            "fullWidth": 470,
                            "width": 39,
                            "expression": {
                                "kind": "IdentifierName",
                                "fullStart": 0,
                                "fullEnd": 439,
                                "start": 431,
                                "end": 439,
                                "fullWidth": 439,
                                "width": 8,
                                "text": "Function",
                                "value": "Function",
                                "valueText": "Function",
                                "hasLeadingTrivia": true,
                                "hasLeadingComment": true,
                                "hasLeadingNewLine": true,
                                "leadingTrivia": [
                                    {
                                        "kind": "SingleLineCommentTrivia",
                                        "fullStart": 0,
                                        "fullEnd": 60,
                                        "text": "// Copyright 2009 the Sputnik authors.  All rights reserved."
                                    },
                                    {
                                        "kind": "NewLineTrivia",
                                        "fullStart": 60,
                                        "fullEnd": 61,
                                        "text": "\n"
                                    },
                                    {
                                        "kind": "SingleLineCommentTrivia",
                                        "fullStart": 61,
                                        "fullEnd": 131,
                                        "text": "// This code is governed by the BSD license found in the LICENSE file."
                                    },
                                    {
                                        "kind": "NewLineTrivia",
                                        "fullStart": 131,
                                        "fullEnd": 132,
                                        "text": "\n"
                                    },
                                    {
                                        "kind": "NewLineTrivia",
                                        "fullStart": 132,
                                        "fullEnd": 133,
                                        "text": "\n"
                                    },
                                    {
                                        "kind": "MultiLineCommentTrivia",
                                        "fullStart": 133,
                                        "fullEnd": 429,
                                        "text": "/**\n * If argArray is either an array or an arguments object,\n * the function is passed the (ToUint32(argArray.length)) arguments argArray[0], argArray[1],...,argArray[ToUint32(argArray.length)-1]\n *\n * @path ch15/15.3/15.3.4/15.3.4.3/S15.3.4.3_A7_T1.js\n * @description argArray is (null,[1])\n */"
                                    },
                                    {
                                        "kind": "NewLineTrivia",
                                        "fullStart": 429,
                                        "fullEnd": 430,
                                        "text": "\n"
                                    },
                                    {
                                        "kind": "NewLineTrivia",
                                        "fullStart": 430,
                                        "fullEnd": 431,
                                        "text": "\n"
                                    }
                                ]
                            },
                            "argumentList": {
                                "kind": "ArgumentList",
                                "fullStart": 439,
                                "fullEnd": 470,
                                "start": 439,
                                "end": 470,
                                "fullWidth": 31,
                                "width": 31,
                                "openParenToken": {
                                    "kind": "OpenParenToken",
                                    "fullStart": 439,
                                    "fullEnd": 440,
                                    "start": 439,
                                    "end": 440,
                                    "fullWidth": 1,
                                    "width": 1,
                                    "text": "(",
                                    "value": "(",
                                    "valueText": "("
                                },
                                "arguments": [
                                    {
                                        "kind": "StringLiteral",
                                        "fullStart": 440,
                                        "fullEnd": 450,
                                        "start": 440,
                                        "end": 450,
                                        "fullWidth": 10,
                                        "width": 10,
                                        "text": "\"a1,a2,a3\"",
                                        "value": "a1,a2,a3",
                                        "valueText": "a1,a2,a3"
                                    },
                                    {
                                        "kind": "CommaToken",
                                        "fullStart": 450,
                                        "fullEnd": 451,
                                        "start": 450,
                                        "end": 451,
                                        "fullWidth": 1,
                                        "width": 1,
                                        "text": ",",
                                        "value": ",",
                                        "valueText": ","
                                    },
                                    {
                                        "kind": "StringLiteral",
                                        "fullStart": 451,
                                        "fullEnd": 469,
                                        "start": 451,
                                        "end": 469,
                                        "fullWidth": 18,
                                        "width": 18,
                                        "text": "\"this.shifted=a1;\"",
                                        "value": "this.shifted=a1;",
                                        "valueText": "this.shifted=a1;"
                                    }
                                ],
                                "closeParenToken": {
                                    "kind": "CloseParenToken",
                                    "fullStart": 469,
                                    "fullEnd": 470,
                                    "start": 469,
                                    "end": 470,
                                    "fullWidth": 1,
                                    "width": 1,
                                    "text": ")",
                                    "value": ")",
                                    "valueText": ")"
                                }
                            }
                        },
                        "dotToken": {
                            "kind": "DotToken",
                            "fullStart": 470,
                            "fullEnd": 471,
                            "start": 470,
                            "end": 471,
                            "fullWidth": 1,
                            "width": 1,
                            "text": ".",
                            "value": ".",
                            "valueText": "."
                        },
                        "name": {
                            "kind": "IdentifierName",
                            "fullStart": 471,
                            "fullEnd": 476,
                            "start": 471,
                            "end": 476,
                            "fullWidth": 5,
                            "width": 5,
                            "text": "apply",
                            "value": "apply",
                            "valueText": "apply"
                        }
                    },
                    "argumentList": {
                        "kind": "ArgumentList",
                        "fullStart": 476,
                        "fullEnd": 486,
                        "start": 476,
                        "end": 486,
                        "fullWidth": 10,
                        "width": 10,
                        "openParenToken": {
                            "kind": "OpenParenToken",
                            "fullStart": 476,
                            "fullEnd": 477,
                            "start": 476,
                            "end": 477,
                            "fullWidth": 1,
                            "width": 1,
                            "text": "(",
                            "value": "(",
                            "valueText": "("
                        },
                        "arguments": [
                            {
                                "kind": "NullKeyword",
                                "fullStart": 477,
                                "fullEnd": 481,
                                "start": 477,
                                "end": 481,
                                "fullWidth": 4,
                                "width": 4,
                                "text": "null"
                            },
                            {
                                "kind": "CommaToken",
                                "fullStart": 481,
                                "fullEnd": 482,
                                "start": 481,
                                "end": 482,
                                "fullWidth": 1,
                                "width": 1,
                                "text": ",",
                                "value": ",",
                                "valueText": ","
                            },
                            {
                                "kind": "ArrayLiteralExpression",
                                "fullStart": 482,
                                "fullEnd": 485,
                                "start": 482,
                                "end": 485,
                                "fullWidth": 3,
                                "width": 3,
                                "openBracketToken": {
                                    "kind": "OpenBracketToken",
                                    "fullStart": 482,
                                    "fullEnd": 483,
                                    "start": 482,
                                    "end": 483,
                                    "fullWidth": 1,
                                    "width": 1,
                                    "text": "[",
                                    "value": "[",
                                    "valueText": "["
                                },
                                "expressions": [
                                    {
                                        "kind": "NumericLiteral",
                                        "fullStart": 483,
                                        "fullEnd": 484,
                                        "start": 483,
                                        "end": 484,
                                        "fullWidth": 1,
                                        "width": 1,
                                        "text": "1",
                                        "value": 1,
                                        "valueText": "1"
                                    }
                                ],
                                "closeBracketToken": {
                                    "kind": "CloseBracketToken",
                                    "fullStart": 484,
                                    "fullEnd": 485,
                                    "start": 484,
                                    "end": 485,
                                    "fullWidth": 1,
                                    "width": 1,
                                    "text": "]",
                                    "value": "]",
                                    "valueText": "]"
                                }
                            }
                        ],
                        "closeParenToken": {
                            "kind": "CloseParenToken",
                            "fullStart": 485,
                            "fullEnd": 486,
                            "start": 485,
                            "end": 486,
                            "fullWidth": 1,
                            "width": 1,
                            "text": ")",
                            "value": ")",
                            "valueText": ")"
                        }
                    }
                },
                "semicolonToken": {
                    "kind": "SemicolonToken",
                    "fullStart": 486,
                    "fullEnd": 488,
                    "start": 486,
                    "end": 487,
                    "fullWidth": 2,
                    "width": 1,
                    "text": ";",
                    "value": ";",
                    "valueText": ";",
                    "hasTrailingTrivia": true,
                    "hasTrailingNewLine": true,
                    "trailingTrivia": [
                        {
                            "kind": "NewLineTrivia",
                            "fullStart": 487,
                            "fullEnd": 488,
                            "text": "\n"
                        }
                    ]
                }
            },
            {
                "kind": "IfStatement",
                "fullStart": 488,
                "fullEnd": 632,
                "start": 499,
                "end": 631,
                "fullWidth": 144,
                "width": 132,
                "ifKeyword": {
                    "kind": "IfKeyword",
                    "fullStart": 488,
                    "fullEnd": 502,
                    "start": 499,
                    "end": 501,
                    "fullWidth": 14,
                    "width": 2,
                    "text": "if",
                    "value": "if",
                    "valueText": "if",
                    "hasLeadingTrivia": true,
                    "hasLeadingComment": true,
                    "hasLeadingNewLine": true,
                    "hasTrailingTrivia": true,
                    "leadingTrivia": [
                        {
                            "kind": "NewLineTrivia",
                            "fullStart": 488,
                            "fullEnd": 489,
                            "text": "\n"
                        },
                        {
                            "kind": "SingleLineCommentTrivia",
                            "fullStart": 489,
                            "fullEnd": 498,
                            "text": "//CHECK#1"
                        },
                        {
                            "kind": "NewLineTrivia",
                            "fullStart": 498,
                            "fullEnd": 499,
                            "text": "\n"
                        }
                    ],
                    "trailingTrivia": [
                        {
                            "kind": "WhitespaceTrivia",
                            "fullStart": 501,
                            "fullEnd": 502,
                            "text": " "
                        }
                    ]
                },
                "openParenToken": {
                    "kind": "OpenParenToken",
                    "fullStart": 502,
                    "fullEnd": 503,
                    "start": 502,
                    "end": 503,
                    "fullWidth": 1,
                    "width": 1,
                    "text": "(",
                    "value": "(",
                    "valueText": "("
                },
                "condition": {
                    "kind": "NotEqualsExpression",
                    "fullStart": 503,
                    "fullEnd": 524,
                    "start": 503,
                    "end": 524,
                    "fullWidth": 21,
                    "width": 21,
                    "left": {
                        "kind": "ElementAccessExpression",
                        "fullStart": 503,
                        "fullEnd": 519,
                        "start": 503,
                        "end": 518,
                        "fullWidth": 16,
                        "width": 15,
                        "expression": {
                            "kind": "ThisKeyword",
                            "fullStart": 503,
                            "fullEnd": 507,
                            "start": 503,
                            "end": 507,
                            "fullWidth": 4,
                            "width": 4,
                            "text": "this",
                            "value": "this",
                            "valueText": "this"
                        },
                        "openBracketToken": {
                            "kind": "OpenBracketToken",
                            "fullStart": 507,
                            "fullEnd": 508,
                            "start": 507,
                            "end": 508,
                            "fullWidth": 1,
                            "width": 1,
                            "text": "[",
                            "value": "[",
                            "valueText": "["
                        },
                        "argumentExpression": {
                            "kind": "StringLiteral",
                            "fullStart": 508,
                            "fullEnd": 517,
                            "start": 508,
                            "end": 517,
                            "fullWidth": 9,
                            "width": 9,
                            "text": "\"shifted\"",
                            "value": "shifted",
                            "valueText": "shifted"
                        },
                        "closeBracketToken": {
                            "kind": "CloseBracketToken",
                            "fullStart": 517,
                            "fullEnd": 519,
                            "start": 517,
                            "end": 518,
                            "fullWidth": 2,
                            "width": 1,
                            "text": "]",
                            "value": "]",
                            "valueText": "]",
                            "hasTrailingTrivia": true,
                            "trailingTrivia": [
                                {
                                    "kind": "WhitespaceTrivia",
                                    "fullStart": 518,
                                    "fullEnd": 519,
                                    "text": " "
                                }
                            ]
                        }
                    },
                    "operatorToken": {
                        "kind": "ExclamationEqualsEqualsToken",
                        "fullStart": 519,
                        "fullEnd": 523,
                        "start": 519,
                        "end": 522,
                        "fullWidth": 4,
                        "width": 3,
                        "text": "!==",
                        "value": "!==",
                        "valueText": "!==",
                        "hasTrailingTrivia": true,
                        "trailingTrivia": [
                            {
                                "kind": "WhitespaceTrivia",
                                "fullStart": 522,
                                "fullEnd": 523,
                                "text": " "
                            }
                        ]
                    },
                    "right": {
                        "kind": "NumericLiteral",
                        "fullStart": 523,
                        "fullEnd": 524,
                        "start": 523,
                        "end": 524,
                        "fullWidth": 1,
                        "width": 1,
                        "text": "1",
                        "value": 1,
                        "valueText": "1"
                    }
                },
                "closeParenToken": {
                    "kind": "CloseParenToken",
                    "fullStart": 524,
                    "fullEnd": 526,
                    "start": 524,
                    "end": 525,
                    "fullWidth": 2,
                    "width": 1,
                    "text": ")",
                    "value": ")",
                    "valueText": ")",
                    "hasTrailingTrivia": true,
                    "trailingTrivia": [
                        {
                            "kind": "WhitespaceTrivia",
                            "fullStart": 525,
                            "fullEnd": 526,
                            "text": " "
                        }
                    ]
                },
                "statement": {
                    "kind": "Block",
                    "fullStart": 526,
                    "fullEnd": 632,
                    "start": 526,
                    "end": 631,
                    "fullWidth": 106,
                    "width": 105,
                    "openBraceToken": {
                        "kind": "OpenBraceToken",
                        "fullStart": 526,
                        "fullEnd": 528,
                        "start": 526,
                        "end": 527,
                        "fullWidth": 2,
                        "width": 1,
                        "text": "{",
                        "value": "{",
                        "valueText": "{",
                        "hasTrailingTrivia": true,
                        "hasTrailingNewLine": true,
                        "trailingTrivia": [
                            {
                                "kind": "NewLineTrivia",
                                "fullStart": 527,
                                "fullEnd": 528,
                                "text": "\n"
                            }
                        ]
                    },
                    "statements": [
                        {
                            "kind": "ExpressionStatement",
                            "fullStart": 528,
                            "fullEnd": 630,
                            "start": 530,
                            "end": 629,
                            "fullWidth": 102,
                            "width": 99,
                            "expression": {
                                "kind": "InvocationExpression",
                                "fullStart": 528,
                                "fullEnd": 628,
                                "start": 530,
                                "end": 628,
                                "fullWidth": 100,
                                "width": 98,
                                "expression": {
                                    "kind": "IdentifierName",
                                    "fullStart": 528,
                                    "fullEnd": 536,
                                    "start": 530,
                                    "end": 536,
                                    "fullWidth": 8,
                                    "width": 6,
                                    "text": "$ERROR",
                                    "value": "$ERROR",
                                    "valueText": "$ERROR",
                                    "hasLeadingTrivia": true,
                                    "leadingTrivia": [
                                        {
                                            "kind": "WhitespaceTrivia",
                                            "fullStart": 528,
                                            "fullEnd": 530,
                                            "text": "  "
                                        }
                                    ]
                                },
                                "argumentList": {
                                    "kind": "ArgumentList",
                                    "fullStart": 536,
                                    "fullEnd": 628,
                                    "start": 536,
                                    "end": 628,
                                    "fullWidth": 92,
                                    "width": 92,
                                    "openParenToken": {
                                        "kind": "OpenParenToken",
                                        "fullStart": 536,
                                        "fullEnd": 537,
                                        "start": 536,
                                        "end": 537,
                                        "fullWidth": 1,
                                        "width": 1,
                                        "text": "(",
                                        "value": "(",
                                        "valueText": "("
                                    },
                                    "arguments": [
                                        {
                                            "kind": "StringLiteral",
                                            "fullStart": 537,
                                            "fullEnd": 627,
                                            "start": 537,
                                            "end": 627,
                                            "fullWidth": 90,
                                            "width": 90,
                                            "text": "'#1: If argArray is either an array or an arguments object, the function is passed the...'",
                                            "value": "#1: If argArray is either an array or an arguments object, the function is passed the...",
                                            "valueText": "#1: If argArray is either an array or an arguments object, the function is passed the..."
                                        }
                                    ],
                                    "closeParenToken": {
                                        "kind": "CloseParenToken",
                                        "fullStart": 627,
                                        "fullEnd": 628,
                                        "start": 627,
                                        "end": 628,
                                        "fullWidth": 1,
                                        "width": 1,
                                        "text": ")",
                                        "value": ")",
                                        "valueText": ")"
                                    }
                                }
                            },
                            "semicolonToken": {
                                "kind": "SemicolonToken",
                                "fullStart": 628,
                                "fullEnd": 630,
                                "start": 628,
                                "end": 629,
                                "fullWidth": 2,
                                "width": 1,
                                "text": ";",
                                "value": ";",
                                "valueText": ";",
                                "hasTrailingTrivia": true,
                                "hasTrailingNewLine": true,
                                "trailingTrivia": [
                                    {
                                        "kind": "NewLineTrivia",
                                        "fullStart": 629,
                                        "fullEnd": 630,
                                        "text": "\n"
                                    }
                                ]
                            }
                        }
                    ],
                    "closeBraceToken": {
                        "kind": "CloseBraceToken",
                        "fullStart": 630,
                        "fullEnd": 632,
                        "start": 630,
                        "end": 631,
                        "fullWidth": 2,
                        "width": 1,
                        "text": "}",
                        "value": "}",
                        "valueText": "}",
                        "hasTrailingTrivia": true,
                        "hasTrailingNewLine": true,
                        "trailingTrivia": [
                            {
                                "kind": "NewLineTrivia",
                                "fullStart": 631,
                                "fullEnd": 632,
                                "text": "\n"
                            }
                        ]
                    }
                }
            }
        ],
        "endOfFileToken": {
            "kind": "EndOfFileToken",
            "fullStart": 632,
            "fullEnd": 634,
            "start": 634,
            "end": 634,
            "fullWidth": 2,
            "width": 0,
            "text": "",
            "hasLeadingTrivia": true,
            "hasLeadingNewLine": true,
            "leadingTrivia": [
                {
                    "kind": "NewLineTrivia",
                    "fullStart": 632,
                    "fullEnd": 633,
                    "text": "\n"
                },
                {
                    "kind": "NewLineTrivia",
                    "fullStart": 633,
                    "fullEnd": 634,
                    "text": "\n"
                }
            ]
        }
    },
    "lineMap": {
        "lineStarts": [
            0,
            61,
            132,
            133,
            137,
            195,
            330,
            333,
            387,
            426,
            430,
            431,
            488,
            489,
            499,
            528,
            630,
            632,
            633,
            634
        ],
        "length": 634
    }
}